../Core/Src/VL53L0X.c:45:6:writeReg	32	static
../Core/Src/VL53L0X.c:52:6:writeReg16Bit	32	static
../Core/Src/VL53L0X.c:59:6:writeReg32Bit	32	static
../Core/Src/VL53L0X.c:66:9:readReg	40	static
../Core/Src/VL53L0X.c:76:10:readReg16Bit	40	static
../Core/Src/VL53L0X.c:86:10:readReg32Bit	40	static
../Core/Src/VL53L0X.c:96:6:writeMulti	32	static
../Core/Src/VL53L0X.c:104:6:readMulti	32	static
../Core/Src/VL53L0X.c:112:6:setAddress_VL53L0X	16	static
../Core/Src/VL53L0X.c:117:9:getAddress_VL53L0X	4	static
../Core/Src/VL53L0X.c:129:6:initVL53L0X	32	static
../Core/Src/VL53L0X.c:366:6:setSignalRateLimit	16	static
../Core/Src/VL53L0X.c:376:7:getSignalRateLimit	8	static
../Core/Src/VL53L0X.c:388:6:setMeasurementTimingBudget	80	static
../Core/Src/VL53L0X.c:477:10:getMeasurementTimingBudget	56	static
../Core/Src/VL53L0X.c:531:6:setVcselPulsePeriod	56	static
../Core/Src/VL53L0X.c:708:9:getVcselPulsePeriod	16	static
../Core/Src/VL53L0X.c:727:6:startContinuous	24	static
../Core/Src/VL53L0X.c:765:6:stopContinuous	8	static
../Core/Src/VL53L0X.c:780:10:readRangeContinuousMillimeters	32	static
../Core/Src/VL53L0X.c:823:10:readRangeSingleMillimeters	16	static
../Core/Src/VL53L0X.c:845:6:timeoutOccurred	16	static
../Core/Src/VL53L0X.c:852:6:setTimeout	16	static
../Core/Src/VL53L0X.c:856:10:getTimeout	4	static
../Core/Src/VL53L0X.c:865:6:getSpadInfo	24	static
../Core/Src/VL53L0X.c:907:6:getSequenceStepEnables	24	static
../Core/Src/VL53L0X.c:922:6:getSequenceStepTimeouts	16	static
../Core/Src/VL53L0X.c:956:10:decodeTimeout	16	static
../Core/Src/VL53L0X.c:967:10:encodeTimeout	24	static
../Core/Src/VL53L0X.c:991:10:timeoutMclksToMicroseconds	24	static
../Core/Src/VL53L0X.c:1000:10:timeoutMicrosecondsToMclks	24	static
../Core/Src/VL53L0X.c:1009:6:performSingleRefCalibration	16	static
