Archive member included to satisfy reference by file (symbol)

C:/ST/STM32CubeIDE_1.17.0/STM32CubeIDE/plugins/com.st.stm32cube.ide.mcu.externaltools.gnu-tools-for-stm32.12.3.rel1.win32_1.1.0.202410251130/tools/bin/../lib/gcc/arm-none-eabi/12.3.1/../../../../arm-none-eabi/lib/thumb/v7-m/nofp\libc_nano.a(libc_a-exit.o)
                              C:/ST/STM32CubeIDE_1.17.0/STM32CubeIDE/plugins/com.st.stm32cube.ide.mcu.externaltools.gnu-tools-for-stm32.12.3.rel1.win32_1.1.0.202410251130/tools/bin/../lib/gcc/arm-none-eabi/12.3.1/../../../../arm-none-eabi/lib/thumb/v7-m/nofp/crt0.o (exit)
C:/ST/STM32CubeIDE_1.17.0/STM32CubeIDE/plugins/com.st.stm32cube.ide.mcu.externaltools.gnu-tools-for-stm32.12.3.rel1.win32_1.1.0.202410251130/tools/bin/../lib/gcc/arm-none-eabi/12.3.1/../../../../arm-none-eabi/lib/thumb/v7-m/nofp\libc_nano.a(libc_a-findfp.o)
                              C:/ST/STM32CubeIDE_1.17.0/STM32CubeIDE/plugins/com.st.stm32cube.ide.mcu.externaltools.gnu-tools-for-stm32.12.3.rel1.win32_1.1.0.202410251130/tools/bin/../lib/gcc/arm-none-eabi/12.3.1/../../../../arm-none-eabi/lib/thumb/v7-m/nofp\libc_nano.a(libc_a-exit.o) (__stdio_exit_handler)
C:/ST/STM32CubeIDE_1.17.0/STM32CubeIDE/plugins/com.st.stm32cube.ide.mcu.externaltools.gnu-tools-for-stm32.12.3.rel1.win32_1.1.0.202410251130/tools/bin/../lib/gcc/arm-none-eabi/12.3.1/../../../../arm-none-eabi/lib/thumb/v7-m/nofp\libc_nano.a(libc_a-fwalk.o)
                              C:/ST/STM32CubeIDE_1.17.0/STM32CubeIDE/plugins/com.st.stm32cube.ide.mcu.externaltools.gnu-tools-for-stm32.12.3.rel1.win32_1.1.0.202410251130/tools/bin/../lib/gcc/arm-none-eabi/12.3.1/../../../../arm-none-eabi/lib/thumb/v7-m/nofp\libc_nano.a(libc_a-findfp.o) (_fwalk_sglue)
C:/ST/STM32CubeIDE_1.17.0/STM32CubeIDE/plugins/com.st.stm32cube.ide.mcu.externaltools.gnu-tools-for-stm32.12.3.rel1.win32_1.1.0.202410251130/tools/bin/../lib/gcc/arm-none-eabi/12.3.1/../../../../arm-none-eabi/lib/thumb/v7-m/nofp\libc_nano.a(libc_a-stdio.o)
                              C:/ST/STM32CubeIDE_1.17.0/STM32CubeIDE/plugins/com.st.stm32cube.ide.mcu.externaltools.gnu-tools-for-stm32.12.3.rel1.win32_1.1.0.202410251130/tools/bin/../lib/gcc/arm-none-eabi/12.3.1/../../../../arm-none-eabi/lib/thumb/v7-m/nofp\libc_nano.a(libc_a-findfp.o) (__sread)
C:/ST/STM32CubeIDE_1.17.0/STM32CubeIDE/plugins/com.st.stm32cube.ide.mcu.externaltools.gnu-tools-for-stm32.12.3.rel1.win32_1.1.0.202410251130/tools/bin/../lib/gcc/arm-none-eabi/12.3.1/../../../../arm-none-eabi/lib/thumb/v7-m/nofp\libc_nano.a(libc_a-memset.o)
                              C:/ST/STM32CubeIDE_1.17.0/STM32CubeIDE/plugins/com.st.stm32cube.ide.mcu.externaltools.gnu-tools-for-stm32.12.3.rel1.win32_1.1.0.202410251130/tools/bin/../lib/gcc/arm-none-eabi/12.3.1/../../../../arm-none-eabi/lib/thumb/v7-m/nofp/crt0.o (memset)
C:/ST/STM32CubeIDE_1.17.0/STM32CubeIDE/plugins/com.st.stm32cube.ide.mcu.externaltools.gnu-tools-for-stm32.12.3.rel1.win32_1.1.0.202410251130/tools/bin/../lib/gcc/arm-none-eabi/12.3.1/../../../../arm-none-eabi/lib/thumb/v7-m/nofp\libc_nano.a(libc_a-closer.o)
                              C:/ST/STM32CubeIDE_1.17.0/STM32CubeIDE/plugins/com.st.stm32cube.ide.mcu.externaltools.gnu-tools-for-stm32.12.3.rel1.win32_1.1.0.202410251130/tools/bin/../lib/gcc/arm-none-eabi/12.3.1/../../../../arm-none-eabi/lib/thumb/v7-m/nofp\libc_nano.a(libc_a-stdio.o) (_close_r)
C:/ST/STM32CubeIDE_1.17.0/STM32CubeIDE/plugins/com.st.stm32cube.ide.mcu.externaltools.gnu-tools-for-stm32.12.3.rel1.win32_1.1.0.202410251130/tools/bin/../lib/gcc/arm-none-eabi/12.3.1/../../../../arm-none-eabi/lib/thumb/v7-m/nofp\libc_nano.a(libc_a-reent.o)
                              C:/ST/STM32CubeIDE_1.17.0/STM32CubeIDE/plugins/com.st.stm32cube.ide.mcu.externaltools.gnu-tools-for-stm32.12.3.rel1.win32_1.1.0.202410251130/tools/bin/../lib/gcc/arm-none-eabi/12.3.1/../../../../arm-none-eabi/lib/thumb/v7-m/nofp\libc_nano.a(libc_a-closer.o) (errno)
C:/ST/STM32CubeIDE_1.17.0/STM32CubeIDE/plugins/com.st.stm32cube.ide.mcu.externaltools.gnu-tools-for-stm32.12.3.rel1.win32_1.1.0.202410251130/tools/bin/../lib/gcc/arm-none-eabi/12.3.1/../../../../arm-none-eabi/lib/thumb/v7-m/nofp\libc_nano.a(libc_a-impure.o)
                              C:/ST/STM32CubeIDE_1.17.0/STM32CubeIDE/plugins/com.st.stm32cube.ide.mcu.externaltools.gnu-tools-for-stm32.12.3.rel1.win32_1.1.0.202410251130/tools/bin/../lib/gcc/arm-none-eabi/12.3.1/../../../../arm-none-eabi/lib/thumb/v7-m/nofp\libc_nano.a(libc_a-reent.o) (_impure_ptr)
C:/ST/STM32CubeIDE_1.17.0/STM32CubeIDE/plugins/com.st.stm32cube.ide.mcu.externaltools.gnu-tools-for-stm32.12.3.rel1.win32_1.1.0.202410251130/tools/bin/../lib/gcc/arm-none-eabi/12.3.1/../../../../arm-none-eabi/lib/thumb/v7-m/nofp\libc_nano.a(libc_a-lseekr.o)
[...]
Memory Configuration

Name             Origin             Length             Attributes
RAM              0x20000000         0x00005000         xrw
FLASH            0x08000000         0x00020000         xr
*default*        0x00000000         0xffffffff

Linker script and memory map

LOAD C:/ST/STM32CubeIDE_1.17.0/STM32CubeIDE/plugins/com.st.stm32cube.ide.mcu.externaltools.gnu-tools-for-stm32.12.3.rel1.win32_1.1.0.202410251130/tools/bin/../lib/gcc/arm-none-eabi/12.3.1/thumb/v7-m/nofp/crti.o
LOAD C:/ST/STM32CubeIDE_1.17.0/STM32CubeIDE/plugins/com.st.stm32cube.ide.mcu.externaltools.gnu-tools-for-stm32.12.3.rel1.win32_1.1.0.202410251130/tools/bin/../lib/gcc/arm-none-eabi/12.3.1/thumb/v7-m/nofp/crtbegin.o
LOAD C:/ST/STM32CubeIDE_1.17.0/STM32CubeIDE/plugins/com.st.stm32cube.ide.mcu.externaltools.gnu-tools-for-stm32.12.3.rel1.win32_1.1.0.202410251130/tools/bin/../lib/gcc/arm-none-eabi/12.3.1/../../../../arm-none-eabi/lib/thumb/v7-m/nofp/crt0.o
LOAD ./Core/Src/main.o
LOAD ./Core/Src/stm32f1xx_hal_msp.o
LOAD ./Core/Src/stm32f1xx_it.o
LOAD ./Core/Src/syscalls.o
LOAD ./Core/Src/sysmem.o
LOAD ./Core/Src/system_stm32f1xx.o
LOAD ./Core/Startup/startup_stm32f103cbtx.o
LOAD ./Drivers/STM32F1xx_HAL_Driver/Src/stm32f1xx_hal.o
LOAD ./Drivers/STM32F1xx_HAL_Driver/Src/stm32f1xx_hal_cortex.o
LOAD ./Drivers/STM32F1xx_HAL_Driver/Src/stm32f1xx_hal_dma.o
LOAD ./Drivers/STM32F1xx_HAL_Driver/Src/stm32f1xx_hal_exti.o
LOAD ./Drivers/STM32F1xx_HAL_Driver/Src/stm32f1xx_hal_flash.o
LOAD ./Drivers/STM32F1xx_HAL_Driver/Src/stm32f1xx_hal_flash_ex.o
LOAD ./Drivers/STM32F1xx_HAL_Driver/Src/stm32f1xx_hal_gpio.o
LOAD ./Drivers/STM32F1xx_HAL_Driver/Src/stm32f1xx_hal_gpio_ex.o
LOAD ./Drivers/STM32F1xx_HAL_Driver/Src/stm32f1xx_hal_pcd.o
LOAD ./Drivers/STM32F1xx_HAL_Driver/Src/stm32f1xx_hal_pcd_ex.o
LOAD ./Drivers/STM32F1xx_HAL_Driver/Src/stm32f1xx_hal_pwr.o
LOAD ./Drivers/STM32F1xx_HAL_Driver/Src/stm32f1xx_hal_rcc.o
LOAD ./Drivers/STM32F1xx_HAL_Driver/Src/stm32f1xx_hal_rcc_ex.o
LOAD ./Drivers/STM32F1xx_HAL_Driver/Src/stm32f1xx_ll_usb.o
LOAD ./Middlewares/ST/STM32_USB_Device_Library/Class/CDC/Src/usbd_cdc.o
LOAD ./Middlewares/ST/STM32_USB_Device_Library/Core/Src/usbd_core.o
LOAD ./Middlewares/ST/STM32_USB_Device_Library/Core/Src/usbd_ctlreq.o
LOAD ./Middlewares/ST/STM32_USB_Device_Library/Core/Src/usbd_ioreq.o
LOAD ./USB_DEVICE/App/usb_device.o
LOAD ./USB_DEVICE/App/usbd_cdc_if.o
LOAD ./USB_DEVICE/App/usbd_desc.o
LOAD ./USB_DEVICE/Target/usbd_conf.o
START GROUP
LOAD C:/ST/STM32CubeIDE_1.17.0/STM32CubeIDE/plugins/com.st.stm32cube.ide.mcu.externaltools.gnu-tools-for-stm32.12.3.rel1.win32_1.1.0.202410251130/tools/bin/../lib/gcc/arm-none-eabi/12.3.1/../../../../arm-none-eabi/lib/thumb/v7-m/nofp\libc_nano.a
LOAD C:/ST/STM32CubeIDE_1.17.0/STM32CubeIDE/plugins/com.st.stm32cube.ide.mcu.externaltools.gnu-tools-for-stm32.12.3.rel1.win32_1.1.0.202410251130/tools/bin/../lib/gcc/arm-none-eabi/12.3.1/../../../../arm-none-eabi/lib/thumb/v7-m/nofp\libm.a
END GROUP
START GROUP
LOAD C:/ST/STM32CubeIDE_1.17.0/STM32CubeIDE/plugins/com.st.stm32cube.ide.mcu.externaltools.gnu-tools-for-stm32.12.3.rel1.win32_1.1.0.202410251130/tools/bin/../lib/gcc/arm-none-eabi/12.3.1/thumb/v7-m/nofp\libgcc.a
LOAD C:/ST/STM32CubeIDE_1.17.0/STM32CubeIDE/plugins/com.st.stm32cube.ide.mcu.externaltools.gnu-tools-for-stm32.12.3.rel1.win32_1.1.0.202410251130/tools/bin/../lib/gcc/arm-none-eabi/12.3.1/../../../../arm-none-eabi/lib/thumb/v7-m/nofp\libc_nano.a
END GROUP
START GROUP
LOAD C:/ST/STM32CubeIDE_1.17.0/STM32CubeIDE/plugins/com.st.stm32cube.ide.mcu.externaltools.gnu-tools-for-stm32.12.3.rel1.win32_1.1.0.202410251130/tools/bin/../lib/gcc/arm-none-eabi/12.3.1/thumb/v7-m/nofp\libgcc.a
LOAD C:/ST/STM32CubeIDE_1.17.0/STM32CubeIDE/plugins/com.st.stm32cube.ide.mcu.externaltools.gnu-tools-for-stm32.12.3.rel1.win32_1.1.0.202410251130/tools/bin/../lib/gcc/arm-none-eabi/12.3.1/../../../../arm-none-eabi/lib/thumb/v7-m/nofp\libc_nano.a
LOAD C:/ST/STM32CubeIDE_1.17.0/STM32CubeIDE/plugins/com.st.stm32cube.ide.mcu.externaltools.gnu-tools-for-stm32.12.3.rel1.win32_1.1.0.202410251130/tools/bin/../lib/gcc/arm-none-eabi/12.3.1/../../../../arm-none-eabi/lib/thumb/v7-m/nofp\libnosys.a
END GROUP
START GROUP
LOAD C:/ST/STM32CubeIDE_1.17.0/STM32CubeIDE/plugins/com.st.stm32cube.ide.mcu.externaltools.gnu-tools-for-stm32.12.3.rel1.win32_1.1.0.202410251130/tools/bin/../lib/gcc/arm-none-eabi/12.3.1/thumb/v7-m/nofp\libgcc.a
LOAD C:/ST/STM32CubeIDE_1.17.0/STM32CubeIDE/plugins/com.st.stm32cube.ide.mcu.externaltools.gnu-tools-for-stm32.12.3.rel1.win32_1.1.0.202410251130/tools/bin/../lib/gcc/arm-none-eabi/12.3.1/../../../../arm-none-eabi/lib/thumb/v7-m/nofp\libc_nano.a
LOAD C:/ST/STM32CubeIDE_1.17.0/STM32CubeIDE/plugins/com.st.stm32cube.ide.mcu.externaltools.gnu-tools-for-stm32.12.3.rel1.win32_1.1.0.202410251130/tools/bin/../lib/gcc/arm-none-eabi/12.3.1/../../../../arm-none-eabi/lib/thumb/v7-m/nofp\libnosys.a
END GROUP
LOAD C:/ST/STM32CubeIDE_1.17.0/STM32CubeIDE/plugins/com.st.stm32cube.ide.mcu.externaltools.gnu-tools-for-stm32.12.3.rel1.win32_1.1.0.202410251130/tools/bin/../lib/gcc/arm-none-eabi/12.3.1/thumb/v7-m/nofp/crtend.o
LOAD C:/ST/STM32CubeIDE_1.17.0/STM32CubeIDE/plugins/com.st.stm32cube.ide.mcu.externaltools.gnu-tools-for-stm32.12.3.rel1.win32_1.1.0.202410251130/tools/bin/../lib/gcc/arm-none-eabi/12.3.1/thumb/v7-m/nofp/crtn.o
                0x20005000                        _estack = (ORIGIN (RAM) + LENGTH (RAM))
                0x00000200                        _Min_Heap_Size = 0x200
                0x00000400                        _Min_Stack_Size = 0x400

.isr_vector     0x08000000      0x10c
                0x08000000                        . = ALIGN (0x4)
 *(.isr_vector)
 .isr_vector    0x08000000      0x10c ./Core/Startup/startup_stm32f103cbtx.o
                0x08000000                g_pfnVectors
                0x0800010c                        . = ALIGN (0x4)

.text           0x0800010c     0x71e0
                0x0800010c                        . = ALIGN (0x4)
 *(.text)
 .text          0x0800010c       0x40 C:/ST/STM32CubeIDE_1.17.0/STM32CubeIDE/plugins/com.st.stm32cube.ide.mcu.externaltools.gnu-tools-for-stm32.12.3.rel1.win32_1.1.0.202410251130/tools/bin/../lib/gcc/arm-none-eabi/12.3.1/thumb/v7-m/nofp/crtbegin.o
 .text          0x0800014c       0x10 C:/ST/STM32CubeIDE_1.17.0/STM32CubeIDE/plugins/com.st.stm32cube.ide.mcu.externaltools.gnu-tools-for-stm32.12.3.rel1.win32_1.1.0.202410251130/tools/bin/../lib/gcc/arm-none-eabi/12.3.1/../../../../arm-none-eabi/lib/thumb/v7-m/nofp\libc_nano.a(libc_a-strlen.o)
                0x0800014c                strlen
 *(.text*)
 .text.main     0x0800015c       0x40 ./Core/Src/main.o
                0x0800015c                main
 .text.SystemClock_Config
                0x0800019c       0xb8 ./Core/Src/main.o
                0x0800019c                SystemClock_Config
 .text.MX_GPIO_Init
                0x08000254       0x5c ./Core/Src/main.o
 .text.Error_Handler
                0x080002b0        0xc ./Core/Src/main.o
                0x080002b0                Error_Handler
 .text.HAL_MspInit
                0x080002bc       0x64 ./Core/Src/stm32f1xx_hal_msp.o
                0x080002bc                HAL_MspInit
 .text.NMI_Handler
                0x08000320        0xc ./Core/Src/stm32f1xx_it.o
                0x08000320                NMI_Handler
 .text.HardFault_Handler
                0x0800032c        0x8 ./Core/Src/stm32f1xx_it.o
                0x0800032c                HardFault_Handler
 .text.MemManage_Handler
                0x08000334        0x8 ./Core/Src/stm32f1xx_it.o
                0x08000334                MemManage_Handler
 .text.BusFault_Handler
                0x0800033c        0x8 ./Core/Src/stm32f1xx_it.o
                0x0800033c                BusFault_Handler
 .text.UsageFault_Handler
                0x08000344        0x8 ./Core/Src/stm32f1xx_it.o
                0x08000344                UsageFault_Handler
 .text.SVC_Handler
                0x0800034c        0xc ./Core/Src/stm32f1xx_it.o
                0x0800034c                SVC_Handler
 .text.DebugMon_Handler
                0x08000358        0xc ./Core/Src/stm32f1xx_it.o
                0x08000358                DebugMon_Handler
 .text.PendSV_Handler
                0x08000364        0xc ./Core/Src/stm32f1xx_it.o
                0x08000364                PendSV_Handler
 .text.SysTick_Handler
                0x08000370        0xc ./Core/Src/stm32f1xx_it.o
                0x08000370                SysTick_Handler
 .text.USB_LP_CAN1_RX0_IRQHandler
                0x0800037c       0x14 ./Core/Src/stm32f1xx_it.o
                0x0800037c                USB_LP_CAN1_RX0_IRQHandler
 .text.SystemInit
                0x08000390        0xc ./Core/Src/system_stm32f1xx.o
                0x08000390                SystemInit
 .text.Reset_Handler
                0x0800039c       0x48 ./Core/Startup/startup_stm32f103cbtx.o
                0x0800039c                Reset_Handler
 .text.Default_Handler
                0x080003e4        0x2 ./Core/Startup/startup_stm32f103cbtx.o
                0x080003e4                RTC_Alarm_IRQHandler
                0x080003e4                EXTI2_IRQHandler
                0x080003e4                TIM1_CC_IRQHandler
                0x080003e4                PVD_IRQHandler
                0x080003e4                EXTI3_IRQHandler
                0x080003e4                EXTI0_IRQHandler
                0x080003e4                I2C2_EV_IRQHandler
                0x080003e4                ADC1_2_IRQHandler
                0x080003e4                SPI1_IRQHandler
                0x080003e4                TAMPER_IRQHandler
                0x080003e4                DMA1_Channel4_IRQHandler
                0x080003e4                USART3_IRQHandler
                0x080003e4                RTC_IRQHandler
                0x080003e4                DMA1_Channel7_IRQHandler
                0x080003e4                CAN1_RX1_IRQHandler
                0x080003e4                TIM4_IRQHandler
                0x080003e4                I2C1_EV_IRQHandler
                0x080003e4                DMA1_Channel6_IRQHandler
                0x080003e4                TIM3_IRQHandler
                0x080003e4                RCC_IRQHandler
                0x080003e4                TIM1_TRG_COM_IRQHandler
                0x080003e4                DMA1_Channel1_IRQHandler
                0x080003e4                Default_Handler
                0x080003e4                EXTI15_10_IRQHandler
                0x080003e4                EXTI9_5_IRQHandler
                0x080003e4                SPI2_IRQHandler
                0x080003e4                DMA1_Channel5_IRQHandler
                0x080003e4                EXTI4_IRQHandler
                0x080003e4                USB_HP_CAN1_TX_IRQHandler
                0x080003e4                DMA1_Channel3_IRQHandler
                0x080003e4                TIM1_UP_IRQHandler
                0x080003e4                WWDG_IRQHandler
                0x080003e4                TIM2_IRQHandler
                0x080003e4                TIM1_BRK_IRQHandler
                0x080003e4                EXTI1_IRQHandler
                0x080003e4                USART2_IRQHandler
                0x080003e4                I2C2_ER_IRQHandler
                0x080003e4                DMA1_Channel2_IRQHandler
                0x080003e4                CAN1_SCE_IRQHandler
                0x080003e4                FLASH_IRQHandler
                0x080003e4                USART1_IRQHandler
                0x080003e4                I2C1_ER_IRQHandler
                0x080003e4                USBWakeUp_IRQHandler
 *fill*         0x080003e6        0x2 
 .text.HAL_Init
                0x080003e8       0x2c ./Drivers/STM32F1xx_HAL_Driver/Src/stm32f1xx_hal.o
                0x080003e8                HAL_Init
 .text.HAL_InitTick
                0x08000414       0x60 ./Drivers/STM32F1xx_HAL_Driver/Src/stm32f1xx_hal.o
                0x08000414                HAL_InitTick
 .text.HAL_IncTick
                0x08000474       0x24 ./Drivers/STM32F1xx_HAL_Driver/Src/stm32f1xx_hal.o
                0x08000474                HAL_IncTick
 .text.HAL_GetTick
                0x08000498       0x14 ./Drivers/STM32F1xx_HAL_Driver/Src/stm32f1xx_hal.o
                0x08000498                HAL_GetTick
 .text.HAL_Delay
                0x080004ac       0x48 ./Drivers/STM32F1xx_HAL_Driver/Src/stm32f1xx_hal.o
                0x080004ac                HAL_Delay
 .text.__NVIC_SetPriorityGrouping
                0x080004f4       0x48 ./Drivers/STM32F1xx_HAL_Driver/Src/stm32f1xx_hal_cortex.o
 .text.__NVIC_GetPriorityGrouping
                0x0800053c       0x1c ./Drivers/STM32F1xx_HAL_Driver/Src/stm32f1xx_hal_cortex.o
 .text.__NVIC_EnableIRQ
                0x08000558       0x38 ./Drivers/STM32F1xx_HAL_Driver/Src/stm32f1xx_hal_cortex.o
 .text.__NVIC_SetPriority
                0x08000590       0x54 ./Drivers/STM32F1xx_HAL_Driver/Src/stm32f1xx_hal_cortex.o
 .text.NVIC_EncodePriority
                0x080005e4       0x64 ./Drivers/STM32F1xx_HAL_Driver/Src/stm32f1xx_hal_cortex.o
 .text.SysTick_Config
                0x08000648       0x44 ./Drivers/STM32F1xx_HAL_Driver/Src/stm32f1xx_hal_cortex.o
 .text.HAL_NVIC_SetPriorityGrouping
                0x0800068c       0x16 ./Drivers/STM32F1xx_HAL_Driver/Src/stm32f1xx_hal_cortex.o
                0x0800068c                HAL_NVIC_SetPriorityGrouping
 .text.HAL_NVIC_SetPriority
                0x080006a2       0x38 ./Drivers/STM32F1xx_HAL_Driver/Src/stm32f1xx_hal_cortex.o
                0x080006a2                HAL_NVIC_SetPriority
 .text.HAL_NVIC_EnableIRQ
                0x080006da       0x1c ./Drivers/STM32F1xx_HAL_Driver/Src/stm32f1xx_hal_cortex.o
                0x080006da                HAL_NVIC_EnableIRQ
 .text.HAL_SYSTICK_Config
                0x080006f6       0x18 ./Drivers/STM32F1xx_HAL_Driver/Src/stm32f1xx_hal_cortex.o
                0x080006f6                HAL_SYSTICK_Config
 .text.HAL_PCD_Init
                0x0800070e      0x1ec ./Drivers/STM32F1xx_HAL_Driver/Src/stm32f1xx_hal_pcd.o
                0x0800070e                HAL_PCD_Init
 .text.HAL_PCD_Start
                0x080008fa       0x4c ./Drivers/STM32F1xx_HAL_Driver/Src/stm32f1xx_hal_pcd.o
                0x080008fa                HAL_PCD_Start
 .text.HAL_PCD_IRQHandler
                0x08000946      0x260 ./Drivers/STM32F1xx_HAL_Driver/Src/stm32f1xx_hal_pcd.o
                0x08000946                HAL_PCD_IRQHandler
 .text.HAL_PCD_SetAddress
                0x08000ba6       0x48 ./Drivers/STM32F1xx_HAL_Driver/Src/stm32f1xx_hal_pcd.o
                0x08000ba6                HAL_PCD_SetAddress
 .text.HAL_PCD_EP_Open
                0x08000bee       0xba ./Drivers/STM32F1xx_HAL_Driver/Src/stm32f1xx_hal_pcd.o
                0x08000bee                HAL_PCD_EP_Open
 .text.HAL_PCD_EP_Close
                0x08000ca8       0x90 ./Drivers/STM32F1xx_HAL_Driver/Src/stm32f1xx_hal_pcd.o
                0x08000ca8                HAL_PCD_EP_Close
 .text.HAL_PCD_EP_Receive
                0x08000d38       0x62 ./Drivers/STM32F1xx_HAL_Driver/Src/stm32f1xx_hal_pcd.o
                0x08000d38                HAL_PCD_EP_Receive
 .text.HAL_PCD_EP_GetRxCount
                0x08000d9a       0x2e ./Drivers/STM32F1xx_HAL_Driver/Src/stm32f1xx_hal_pcd.o
                0x08000d9a                HAL_PCD_EP_GetRxCount
 .text.HAL_PCD_EP_Transmit
                0x08000dc8       0x6e ./Drivers/STM32F1xx_HAL_Driver/Src/stm32f1xx_hal_pcd.o
                0x08000dc8                HAL_PCD_EP_Transmit
 .text.HAL_PCD_EP_SetStall
                0x08000e36       0xc0 ./Drivers/STM32F1xx_HAL_Driver/Src/stm32f1xx_hal_pcd.o
                0x08000e36                HAL_PCD_EP_SetStall
 .text.HAL_PCD_EP_ClrStall
                0x08000ef6       0xa8 ./Drivers/STM32F1xx_HAL_Driver/Src/stm32f1xx_hal_pcd.o
                0x08000ef6                HAL_PCD_EP_ClrStall
 .text.PCD_EP_ISR_Handler
                0x08000f9e      0x79e ./Drivers/STM32F1xx_HAL_Driver/Src/stm32f1xx_hal_pcd.o
 .text.HAL_PCD_EP_DB_Receive
                0x0800173c      0x21a ./Drivers/STM32F1xx_HAL_Driver/Src/stm32f1xx_hal_pcd.o
 .text.HAL_PCD_EP_DB_Transmit
                0x08001956      0x7f4 ./Drivers/STM32F1xx_HAL_Driver/Src/stm32f1xx_hal_pcd.o
 .text.HAL_PCDEx_PMAConfig
                0x0800214a       0x84 ./Drivers/STM32F1xx_HAL_Driver/Src/stm32f1xx_hal_pcd_ex.o
                0x0800214a                HAL_PCDEx_PMAConfig
 *fill*         0x080021ce        0x2 
 .text.HAL_RCC_OscConfig
                0x080021d0      0x504 ./Drivers/STM32F1xx_HAL_Driver/Src/stm32f1xx_hal_rcc.o
                0x080021d0                HAL_RCC_OscConfig
 .text.HAL_RCC_ClockConfig
                0x080026d4      0x1d4 ./Drivers/STM32F1xx_HAL_Driver/Src/stm32f1xx_hal_rcc.o
                0x080026d4                HAL_RCC_ClockConfig
 .text.HAL_RCC_EnableCSS
                0x080028a8       0x18 ./Drivers/STM32F1xx_HAL_Driver/Src/stm32f1xx_hal_rcc.o
                0x080028a8                HAL_RCC_EnableCSS
 .text.HAL_RCC_GetSysClockFreq
                0x080028c0       0xa8 ./Drivers/STM32F1xx_HAL_Driver/Src/stm32f1xx_hal_rcc.o
                0x080028c0                HAL_RCC_GetSysClockFreq
 .text.HAL_RCC_NMI_IRQHandler
                0x08002968       0x28 ./Drivers/STM32F1xx_HAL_Driver/Src/stm32f1xx_hal_rcc.o
                0x08002968                HAL_RCC_NMI_IRQHandler
 .text.RCC_Delay
                0x08002990       0x3c ./Drivers/STM32F1xx_HAL_Driver/Src/stm32f1xx_hal_rcc.o
 .text.HAL_RCC_CSSCallback
                0x080029cc        0xc ./Drivers/STM32F1xx_HAL_Driver/Src/stm32f1xx_hal_rcc.o
                0x080029cc                HAL_RCC_CSSCallback
 .text.HAL_RCCEx_PeriphCLKConfig
                0x080029d8      0x16c ./Drivers/STM32F1xx_HAL_Driver/Src/stm32f1xx_hal_rcc_ex.o
                0x080029d8                HAL_RCCEx_PeriphCLKConfig
 .text.USB_CoreInit
                0x08002b44       0x1a ./Drivers/STM32F1xx_HAL_Driver/Src/stm32f1xx_ll_usb.o
                0x08002b44                USB_CoreInit
 .text.USB_EnableGlobalInt
                0x08002b5e       0x2c ./Drivers/STM32F1xx_HAL_Driver/Src/stm32f1xx_ll_usb.o
                0x08002b5e                USB_EnableGlobalInt
 .text.USB_DisableGlobalInt
                0x08002b8a       0x34 ./Drivers/STM32F1xx_HAL_Driver/Src/stm32f1xx_ll_usb.o
                0x08002b8a                USB_DisableGlobalInt
 .text.USB_SetCurrentMode
                0x08002bbe       0x18 ./Drivers/STM32F1xx_HAL_Driver/Src/stm32f1xx_ll_usb.o
                0x08002bbe                USB_SetCurrentMode
 .text.USB_DevInit
                0x08002bd6       0x3a ./Drivers/STM32F1xx_HAL_Driver/Src/stm32f1xx_ll_usb.o
                0x08002bd6                USB_DevInit
 .text.USB_ActivateEndpoint
                0x08002c10      0x780 ./Drivers/STM32F1xx_HAL_Driver/Src/stm32f1xx_ll_usb.o
                0x08002c10                USB_ActivateEndpoint
 .text.USB_DeactivateEndpoint
                0x08003390      0x3d8 ./Drivers/STM32F1xx_HAL_Driver/Src/stm32f1xx_ll_usb.o
                0x08003390                USB_DeactivateEndpoint
 .text.USB_EPStartXfer
                0x08003768     0x1762 ./Drivers/STM32F1xx_HAL_Driver/Src/stm32f1xx_ll_usb.o
                0x08003768                USB_EPStartXfer
 .text.USB_EPSetStall
                0x08004eca       0xa0 ./Drivers/STM32F1xx_HAL_Driver/Src/stm32f1xx_ll_usb.o
                0x08004eca                USB_EPSetStall
 .text.USB_EPClearStall
                0x08004f6a      0x15a ./Drivers/STM32F1xx_HAL_Driver/Src/stm32f1xx_ll_usb.o
                0x08004f6a                USB_EPClearStall
 .text.USB_SetDevAddress
                0x080050c4       0x26 ./Drivers/STM32F1xx_HAL_Driver/Src/stm32f1xx_ll_usb.o
                0x080050c4                USB_SetDevAddress
 .text.USB_DevConnect
                0x080050ea       0x14 ./Drivers/STM32F1xx_HAL_Driver/Src/stm32f1xx_ll_usb.o
                0x080050ea                USB_DevConnect
 .text.USB_DevDisconnect
                0x080050fe       0x14 ./Drivers/STM32F1xx_HAL_Driver/Src/stm32f1xx_ll_usb.o
                0x080050fe                USB_DevDisconnect
 .text.USB_ReadInterrupts
                0x08005112       0x1e ./Drivers/STM32F1xx_HAL_Driver/Src/stm32f1xx_ll_usb.o
                0x08005112                USB_ReadInterrupts
 .text.USB_EP0_OutStart
                0x08005130       0x16 ./Drivers/STM32F1xx_HAL_Driver/Src/stm32f1xx_ll_usb.o
                0x08005130                USB_EP0_OutStart
 .text.USB_WritePMA
                0x08005146       0x8a ./Drivers/STM32F1xx_HAL_Driver/Src/stm32f1xx_ll_usb.o
                0x08005146                USB_WritePMA
 .text.USB_ReadPMA
                0x080051d0       0x9e ./Drivers/STM32F1xx_HAL_Driver/Src/stm32f1xx_ll_usb.o
                0x080051d0                USB_ReadPMA
 .text.USBD_CDC_Init
                0x0800526e       0xf4 ./Middlewares/ST/STM32_USB_Device_Library/Class/CDC/Src/usbd_cdc.o
 .text.USBD_CDC_DeInit
                0x08005362       0x6e ./Middlewares/ST/STM32_USB_Device_Library/Class/CDC/Src/usbd_cdc.o
 .text.USBD_CDC_Setup
                0x080053d0      0x146 ./Middlewares/ST/STM32_USB_Device_Library/Class/CDC/Src/usbd_cdc.o
 .text.USBD_CDC_DataIn
                0x08005516       0xa6 ./Middlewares/ST/STM32_USB_Device_Library/Class/CDC/Src/usbd_cdc.o
 .text.USBD_CDC_DataOut
                0x080055bc       0x56 ./Middlewares/ST/STM32_USB_Device_Library/Class/CDC/Src/usbd_cdc.o
 .text.USBD_CDC_EP0_RxReady
                0x08005612       0x4e ./Middlewares/ST/STM32_USB_Device_Library/Class/CDC/Src/usbd_cdc.o
 .text.USBD_CDC_GetFSCfgDesc
                0x08005660       0x20 ./Middlewares/ST/STM32_USB_Device_Library/Class/CDC/Src/usbd_cdc.o
 .text.USBD_CDC_GetHSCfgDesc
                0x08005680       0x20 ./Middlewares/ST/STM32_USB_Device_Library/Class/CDC/Src/usbd_cdc.o
 .text.USBD_CDC_GetOtherSpeedCfgDesc
                0x080056a0       0x20 ./Middlewares/ST/STM32_USB_Device_Library/Class/CDC/Src/usbd_cdc.o
 .text.USBD_CDC_GetDeviceQualifierDescriptor
                0x080056c0       0x20 ./Middlewares/ST/STM32_USB_Device_Library/Class/CDC/Src/usbd_cdc.o
                0x080056c0                USBD_CDC_GetDeviceQualifierDescriptor
 .text.USBD_CDC_RegisterInterface
                0x080056e0       0x2c ./Middlewares/ST/STM32_USB_Device_Library/Class/CDC/Src/usbd_cdc.o
                0x080056e0                USBD_CDC_RegisterInterface
 .text.USBD_CDC_SetTxBuffer
                0x0800570c       0x32 ./Middlewares/ST/STM32_USB_Device_Library/Class/CDC/Src/usbd_cdc.o
                0x0800570c                USBD_CDC_SetTxBuffer
 .text.USBD_CDC_SetRxBuffer
                0x0800573e       0x26 ./Middlewares/ST/STM32_USB_Device_Library/Class/CDC/Src/usbd_cdc.o
                0x0800573e                USBD_CDC_SetRxBuffer
 .text.USBD_CDC_TransmitPacket
                0x08005764       0x5e ./Middlewares/ST/STM32_USB_Device_Library/Class/CDC/Src/usbd_cdc.o
                0x08005764                USBD_CDC_TransmitPacket
 .text.USBD_CDC_ReceivePacket
                0x080057c2       0x54 ./Middlewares/ST/STM32_USB_Device_Library/Class/CDC/Src/usbd_cdc.o
                0x080057c2                USBD_CDC_ReceivePacket
 .text.USBD_Init
                0x08005816       0x56 ./Middlewares/ST/STM32_USB_Device_Library/Core/Src/usbd_core.o
                0x08005816                USBD_Init
 .text.USBD_RegisterClass
                0x0800586c       0x32 ./Middlewares/ST/STM32_USB_Device_Library/Core/Src/usbd_core.o
                0x0800586c                USBD_RegisterClass
 .text.USBD_Start
                0x0800589e       0x18 ./Middlewares/ST/STM32_USB_Device_Library/Core/Src/usbd_core.o
                0x0800589e                USBD_Start
 .text.USBD_RunTestMode
                0x080058b6       0x14 ./Middlewares/ST/STM32_USB_Device_Library/Core/Src/usbd_core.o
                0x080058b6                USBD_RunTestMode
 .text.USBD_SetClassConfig
                0x080058ca       0x3e ./Middlewares/ST/STM32_USB_Device_Library/Core/Src/usbd_core.o
                0x080058ca                USBD_SetClassConfig
 .text.USBD_ClrClassConfig
                0x08005908       0x26 ./Middlewares/ST/STM32_USB_Device_Library/Core/Src/usbd_core.o
                0x08005908                USBD_ClrClassConfig
 .text.USBD_LL_SetupStage
                0x0800592e       0x9a ./Middlewares/ST/STM32_USB_Device_Library/Core/Src/usbd_core.o
                0x0800592e                USBD_LL_SetupStage
 .text.USBD_LL_DataOutStage
                0x080059c8       0xe2 ./Middlewares/ST/STM32_USB_Device_Library/Core/Src/usbd_core.o
                0x080059c8                USBD_LL_DataOutStage
 .text.USBD_LL_DataInStage
                0x08005aaa      0x14a ./Middlewares/ST/STM32_USB_Device_Library/Core/Src/usbd_core.o
                0x08005aaa                USBD_LL_DataInStage
 .text.USBD_LL_Reset
                0x08005bf4       0x82 ./Middlewares/ST/STM32_USB_Device_Library/Core/Src/usbd_core.o
                0x08005bf4                USBD_LL_Reset
 .text.USBD_LL_SetSpeed
                0x08005c76       0x1e ./Middlewares/ST/STM32_USB_Device_Library/Core/Src/usbd_core.o
                0x08005c76                USBD_LL_SetSpeed
 .text.USBD_LL_Suspend
                0x08005c94       0x28 ./Middlewares/ST/STM32_USB_Device_Library/Core/Src/usbd_core.o
                0x08005c94                USBD_LL_Suspend
 .text.USBD_LL_Resume
                0x08005cbc       0x2a ./Middlewares/ST/STM32_USB_Device_Library/Core/Src/usbd_core.o
                0x08005cbc                USBD_LL_Resume
 .text.USBD_LL_SOF
                0x08005ce6       0x34 ./Middlewares/ST/STM32_USB_Device_Library/Core/Src/usbd_core.o
                0x08005ce6                USBD_LL_SOF
 *fill*         0x08005d1a        0x2 
 .text.USBD_StdDevReq
                0x08005d1c       0xd4 ./Middlewares/ST/STM32_USB_Device_Library/Core/Src/usbd_ctlreq.o
                0x08005d1c                USBD_StdDevReq
 .text.USBD_StdItfReq
                0x08005df0       0x90 ./Middlewares/ST/STM32_USB_Device_Library/Core/Src/usbd_ctlreq.o
                0x08005df0                USBD_StdItfReq
 .text.USBD_StdEPReq
                0x08005e80      0x2c6 ./Middlewares/ST/STM32_USB_Device_Library/Core/Src/usbd_ctlreq.o
                0x08005e80                USBD_StdEPReq
 *fill*         0x08006146        0x2 
 .text.USBD_GetDescriptor
                0x08006148      0x2d0 ./Middlewares/ST/STM32_USB_Device_Library/Core/Src/usbd_ctlreq.o
 .text.USBD_SetAddress
                0x08006418       0x86 ./Middlewares/ST/STM32_USB_Device_Library/Core/Src/usbd_ctlreq.o
 *fill*         0x0800649e        0x2 
 .text.USBD_SetConfig
                0x080064a0      0x11c ./Middlewares/ST/STM32_USB_Device_Library/Core/Src/usbd_ctlreq.o
 .text.USBD_GetConfig
                0x080065bc       0x6a ./Middlewares/ST/STM32_USB_Device_Library/Core/Src/usbd_ctlreq.o
 .text.USBD_GetStatus
                0x08006626       0x66 ./Middlewares/ST/STM32_USB_Device_Library/Core/Src/usbd_ctlreq.o
 .text.USBD_SetFeature
                0x0800668c       0x28 ./Middlewares/ST/STM32_USB_Device_Library/Core/Src/usbd_ctlreq.o
 .text.USBD_ClrFeature
                0x080066b4       0x42 ./Middlewares/ST/STM32_USB_Device_Library/Core/Src/usbd_ctlreq.o
 .text.USBD_ParseSetupRequest
                0x080066f6       0x72 ./Middlewares/ST/STM32_USB_Device_Library/Core/Src/usbd_ctlreq.o
                0x080066f6                USBD_ParseSetupRequest
 .text.USBD_CtlError
                0x08006768       0x22 ./Middlewares/ST/STM32_USB_Device_Library/Core/Src/usbd_ctlreq.o
                0x08006768                USBD_CtlError
 .text.USBD_GetString
                0x0800678a       0x84 ./Middlewares/ST/STM32_USB_Device_Library/Core/Src/usbd_ctlreq.o
                0x0800678a                USBD_GetString
 .text.USBD_GetLen
                0x0800680e       0x2e ./Middlewares/ST/STM32_USB_Device_Library/Core/Src/usbd_ctlreq.o
 .text.USBD_CtlSendData
                0x0800683c       0x38 ./Middlewares/ST/STM32_USB_Device_Library/Core/Src/usbd_ioreq.o
                0x0800683c                USBD_CtlSendData
 .text.USBD_CtlContinueSendData
                0x08006874       0x24 ./Middlewares/ST/STM32_USB_Device_Library/Core/Src/usbd_ioreq.o
                0x08006874                USBD_CtlContinueSendData
 .text.USBD_CtlPrepareRx
                0x08006898       0x3c ./Middlewares/ST/STM32_USB_Device_Library/Core/Src/usbd_ioreq.o
                0x08006898                USBD_CtlPrepareRx
 .text.USBD_CtlContinueRx
                0x080068d4       0x24 ./Middlewares/ST/STM32_USB_Device_Library/Core/Src/usbd_ioreq.o
                0x080068d4                USBD_CtlContinueRx
 .text.USBD_CtlSendStatus
                0x080068f8       0x26 ./Middlewares/ST/STM32_USB_Device_Library/Core/Src/usbd_ioreq.o
                0x080068f8                USBD_CtlSendStatus
 .text.USBD_CtlReceiveStatus
                0x0800691e       0x26 ./Middlewares/ST/STM32_USB_Device_Library/Core/Src/usbd_ioreq.o
                0x0800691e                USBD_CtlReceiveStatus
 .text.MX_USB_DEVICE_Init
                0x08006944       0x60 ./USB_DEVICE/App/usb_device.o
                0x08006944                MX_USB_DEVICE_Init
 .text.CDC_Init_FS
                0x080069a4       0x28 ./USB_DEVICE/App/usbd_cdc_if.o
 .text.CDC_DeInit_FS
                0x080069cc        0xe ./USB_DEVICE/App/usbd_cdc_if.o
 *fill*         0x080069da        0x2 
 .text.CDC_Control_FS
                0x080069dc       0xbc ./USB_DEVICE/App/usbd_cdc_if.o
 .text.CDC_Receive_FS
                0x08006a98       0x28 ./USB_DEVICE/App/usbd_cdc_if.o
 .text.CDC_Transmit_FS
                0x08006ac0       0x4c ./USB_DEVICE/App/usbd_cdc_if.o
                0x08006ac0                CDC_Transmit_FS
 .text.USBD_FS_DeviceDescriptor
                0x08006b0c       0x24 ./USB_DEVICE/App/usbd_desc.o
                0x08006b0c                USBD_FS_DeviceDescriptor
 .text.USBD_FS_LangIDStrDescriptor
                0x08006b30       0x24 ./USB_DEVICE/App/usbd_desc.o
                0x08006b30                USBD_FS_LangIDStrDescriptor
 .text.USBD_FS_ProductStrDescriptor
                0x08006b54       0x3c ./USB_DEVICE/App/usbd_desc.o
                0x08006b54                USBD_FS_ProductStrDescriptor
 .text.USBD_FS_ManufacturerStrDescriptor
                0x08006b90       0x28 ./USB_DEVICE/App/usbd_desc.o
                0x08006b90                USBD_FS_ManufacturerStrDescriptor
 .text.USBD_FS_SerialStrDescriptor
                0x08006bb8       0x24 ./USB_DEVICE/App/usbd_desc.o
                0x08006bb8                USBD_FS_SerialStrDescriptor
 .text.USBD_FS_ConfigStrDescriptor
                0x08006bdc       0x3c ./USB_DEVICE/App/usbd_desc.o
                0x08006bdc                USBD_FS_ConfigStrDescriptor
 .text.USBD_FS_InterfaceStrDescriptor
                0x08006c18       0x3c ./USB_DEVICE/App/usbd_desc.o
                0x08006c18                USBD_FS_InterfaceStrDescriptor
 .text.Get_SerialNum
                0x08006c54       0x58 ./USB_DEVICE/App/usbd_desc.o
 .text.IntToUnicode
                0x08006cac       0x7c ./USB_DEVICE/App/usbd_desc.o
 .text.HAL_PCD_MspInit
                0x08006d28       0x4c ./USB_DEVICE/Target/usbd_conf.o
                0x08006d28                HAL_PCD_MspInit
 .text.HAL_PCD_SetupStageCallback
                0x08006d74       0x24 ./USB_DEVICE/Target/usbd_conf.o
                0x08006d74                HAL_PCD_SetupStageCallback
 .text.HAL_PCD_DataOutStageCallback
                0x08006d98       0x36 ./USB_DEVICE/Target/usbd_conf.o
                0x08006d98                HAL_PCD_DataOutStageCallback
 .text.HAL_PCD_DataInStageCallback
                0x08006dce       0x34 ./USB_DEVICE/Target/usbd_conf.o
                0x08006dce                HAL_PCD_DataInStageCallback
 .text.HAL_PCD_SOFCallback
                0x08006e02       0x1c ./USB_DEVICE/Target/usbd_conf.o
                0x08006e02                HAL_PCD_SOFCallback
 .text.HAL_PCD_ResetCallback
                0x08006e1e       0x3c ./USB_DEVICE/Target/usbd_conf.o
                0x08006e1e                HAL_PCD_ResetCallback
 *fill*         0x08006e5a        0x2 
 .text.HAL_PCD_SuspendCallback
                0x08006e5c       0x34 ./USB_DEVICE/Target/usbd_conf.o
                0x08006e5c                HAL_PCD_SuspendCallback
 .text.HAL_PCD_ResumeCallback
                0x08006e90       0x1c ./USB_DEVICE/Target/usbd_conf.o
                0x08006e90                HAL_PCD_ResumeCallback
 .text.USBD_LL_Init
                0x08006eac       0xb4 ./USB_DEVICE/Target/usbd_conf.o
                0x08006eac                USBD_LL_Init
 .text.USBD_LL_Start
                0x08006f60       0x36 ./USB_DEVICE/Target/usbd_conf.o
                0x08006f60                USBD_LL_Start
 .text.USBD_LL_OpenEP
                0x08006f96       0x4c ./USB_DEVICE/Target/usbd_conf.o
                0x08006f96                USBD_LL_OpenEP
 .text.USBD_LL_CloseEP
                0x08006fe2       0x3e ./USB_DEVICE/Target/usbd_conf.o
                0x08006fe2                USBD_LL_CloseEP
 .text.USBD_LL_StallEP
                0x08007020       0x3e ./USB_DEVICE/Target/usbd_conf.o
                0x08007020                USBD_LL_StallEP
 .text.USBD_LL_ClearStallEP
                0x0800705e       0x3e ./USB_DEVICE/Target/usbd_conf.o
                0x0800705e                USBD_LL_ClearStallEP
 .text.USBD_LL_IsStallEP
                0x0800709c       0x56 ./USB_DEVICE/Target/usbd_conf.o
                0x0800709c                USBD_LL_IsStallEP
 .text.USBD_LL_SetUSBAddress
                0x080070f2       0x3e ./USB_DEVICE/Target/usbd_conf.o
                0x080070f2                USBD_LL_SetUSBAddress
 .text.USBD_LL_Transmit
                0x08007130       0x46 ./USB_DEVICE/Target/usbd_conf.o
                0x08007130                USBD_LL_Transmit
 .text.USBD_LL_PrepareReceive
                0x08007176       0x46 ./USB_DEVICE/Target/usbd_conf.o
                0x08007176                USBD_LL_PrepareReceive
 .text.USBD_LL_GetRxDataSize
                0x080071bc       0x26 ./USB_DEVICE/Target/usbd_conf.o
                0x080071bc                USBD_LL_GetRxDataSize
 *fill*         0x080071e2        0x2 
 .text.USBD_static_malloc
                0x080071e4       0x18 ./USB_DEVICE/Target/usbd_conf.o
                0x080071e4                USBD_static_malloc
 .text.USBD_static_free
                0x080071fc       0x12 ./USB_DEVICE/Target/usbd_conf.o
                0x080071fc                USBD_static_free
 .text.HAL_PCDEx_SetConnectionState
                0x0800720e       0x16 ./USB_DEVICE/Target/usbd_conf.o
                0x0800720e                HAL_PCDEx_SetConnectionState
 .text.USBD_Get_USB_Status
                0x08007224       0x58 ./USB_DEVICE/Target/usbd_conf.o
 .text.memset   0x0800727c       0x10 C:/ST/STM32CubeIDE_1.17.0/STM32CubeIDE/plugins/com.st.stm32cube.ide.mcu.externaltools.gnu-tools-for-stm32.12.3.rel1.win32_1.1.0.202410251130/tools/bin/../lib/gcc/arm-none-eabi/12.3.1/../../../../arm-none-eabi/lib/thumb/v7-m/nofp\libc_nano.a(libc_a-memset.o)
                0x0800727c                memset
 .text.__libc_init_array
                0x0800728c       0x48 C:/ST/STM32CubeIDE_1.17.0/STM32CubeIDE/plugins/com.st.stm32cube.ide.mcu.externaltools.gnu-tools-for-stm32.12.3.rel1.win32_1.1.0.202410251130/tools/bin/../lib/gcc/arm-none-eabi/12.3.1/../../../../arm-none-eabi/lib/thumb/v7-m/nofp\libc_nano.a(libc_a-init.o)
                0x0800728c                __libc_init_array
 *(.glue_7)
 .glue_7        0x080072d4        0x0 linker stubs
 *(.glue_7t)
 .glue_7t       0x080072d4        0x0 linker stubs
 *(.eh_frame)
 .eh_frame      0x080072d4        0x0 C:/ST/STM32CubeIDE_1.17.0/STM32CubeIDE/plugins/com.st.stm32cube.ide.mcu.externaltools.gnu-tools-for-stm32.12.3.rel1.win32_1.1.0.202410251130/tools/bin/../lib/gcc/arm-none-eabi/12.3.1/thumb/v7-m/nofp/crtbegin.o
 *(.init)
 .init          0x080072d4        0x4 C:/ST/STM32CubeIDE_1.17.0/STM32CubeIDE/plugins/com.st.stm32cube.ide.mcu.externaltools.gnu-tools-for-stm32.12.3.rel1.win32_1.1.0.202410251130/tools/bin/../lib/gcc/arm-none-eabi/12.3.1/thumb/v7-m/nofp/crti.o
                0x080072d4                _init
 .init          0x080072d8        0x8 C:/ST/STM32CubeIDE_1.17.0/STM32CubeIDE/plugins/com.st.stm32cube.ide.mcu.externaltools.gnu-tools-for-stm32.12.3.rel1.win32_1.1.0.202410251130/tools/bin/../lib/gcc/arm-none-eabi/12.3.1/thumb/v7-m/nofp/crtn.o
 *(.fini)
 .fini          0x080072e0        0x4 C:/ST/STM32CubeIDE_1.17.0/STM32CubeIDE/plugins/com.st.stm32cube.ide.mcu.externaltools.gnu-tools-for-stm32.12.3.rel1.win32_1.1.0.202410251130/tools/bin/../lib/gcc/arm-none-eabi/12.3.1/thumb/v7-m/nofp/crti.o
                0x080072e0                _fini
 .fini          0x080072e4        0x8 C:/ST/STM32CubeIDE_1.17.0/STM32CubeIDE/plugins/com.st.stm32cube.ide.mcu.externaltools.gnu-tools-for-stm32.12.3.rel1.win32_1.1.0.202410251130/tools/bin/../lib/gcc/arm-none-eabi/12.3.1/thumb/v7-m/nofp/crtn.o
                0x080072ec                        . = ALIGN (0x4)
                0x080072ec                        _etext = .

.vfp11_veneer   0x080072ec        0x0
 .vfp11_veneer  0x080072ec        0x0 linker stubs

.v4_bx          0x080072ec        0x0
 .v4_bx         0x080072ec        0x0 linker stubs

.iplt           0x080072ec        0x0
 .iplt          0x080072ec        0x0 C:/ST/STM32CubeIDE_1.17.0/STM32CubeIDE/plugins/com.st.stm32cube.ide.mcu.externaltools.gnu-tools-for-stm32.12.3.rel1.win32_1.1.0.202410251130/tools/bin/../lib/gcc/arm-none-eabi/12.3.1/thumb/v7-m/nofp/crtbegin.o

.rodata         0x080072ec       0x7c
                0x080072ec                        . = ALIGN (0x4)
 *(.rodata)
 .rodata        0x080072ec       0x10 ./Core/Src/main.o
 .rodata        0x080072fc       0x46 ./USB_DEVICE/App/usbd_desc.o
 *(.rodata*)
 *fill*         0x08007342        0x2 
 .rodata.AHBPrescTable
                0x08007344       0x10 ./Core/Src/system_stm32f1xx.o
                0x08007344                AHBPrescTable
 .rodata.aPLLMULFactorTable.1
                0x08007354       0x10 ./Drivers/STM32F1xx_HAL_Driver/Src/stm32f1xx_hal_rcc.o
 .rodata.aPredivFactorTable.0
                0x08007364        0x2 ./Drivers/STM32F1xx_HAL_Driver/Src/stm32f1xx_hal_rcc.o
                0x08007368                        . = ALIGN (0x4)
 *fill*         0x08007366        0x2 

.ARM.extab      0x08007368        0x0
                0x08007368                        . = ALIGN (0x4)
 *(.ARM.extab* .gnu.linkonce.armextab.*)
                0x08007368                        . = ALIGN (0x4)

.ARM            0x08007368        0x8
                0x08007368                        . = ALIGN (0x4)
                0x08007368                        __exidx_start = .
 *(.ARM.exidx*)
 .ARM.exidx     0x08007368        0x8 C:/ST/STM32CubeIDE_1.17.0/STM32CubeIDE/plugins/com.st.stm32cube.ide.mcu.externaltools.gnu-tools-for-stm32.12.3.rel1.win32_1.1.0.202410251130/tools/bin/../lib/gcc/arm-none-eabi/12.3.1/../../../../arm-none-eabi/lib/thumb/v7-m/nofp\libc_nano.a(libc_a-strlen.o)
                0x08007370                        __exidx_end = .
                0x08007370                        . = ALIGN (0x4)

.preinit_array  0x08007370        0x0
                0x08007370                        . = ALIGN (0x4)
                0x08007370                        PROVIDE (__preinit_array_start = .)
 *(.preinit_array*)
                0x08007370                        PROVIDE (__preinit_array_end = .)
                0x08007370                        . = ALIGN (0x4)

.init_array     0x08007370        0x4
                0x08007370                        . = ALIGN (0x4)
                0x08007370                        PROVIDE (__init_array_start = .)
 *(SORT_BY_NAME(.init_array.*))
 *(.init_array*)
 .init_array    0x08007370        0x4 C:/ST/STM32CubeIDE_1.17.0/STM32CubeIDE/plugins/com.st.stm32cube.ide.mcu.externaltools.gnu-tools-for-stm32.12.3.rel1.win32_1.1.0.202410251130/tools/bin/../lib/gcc/arm-none-eabi/12.3.1/thumb/v7-m/nofp/crtbegin.o
                0x08007374                        PROVIDE (__init_array_end = .)
                0x08007374                        . = ALIGN (0x4)

.fini_array     0x08007374        0x4
                0x08007374                        . = ALIGN (0x4)
                [!provide]                        PROVIDE (__fini_array_start = .)
 *(SORT_BY_NAME(.fini_array.*))
 *(.fini_array*)
 .fini_array    0x08007374        0x4 C:/ST/STM32CubeIDE_1.17.0/STM32CubeIDE/plugins/com.st.stm32cube.ide.mcu.externaltools.gnu-tools-for-stm32.12.3.rel1.win32_1.1.0.202410251130/tools/bin/../lib/gcc/arm-none-eabi/12.3.1/thumb/v7-m/nofp/crtbegin.o
                [!provide]                        PROVIDE (__fini_array_end = .)
                0x08007378                        . = ALIGN (0x4)
                0x08007378                        _sidata = LOADADDR (.data)

.rel.dyn        0x08007378        0x0
 .rel.iplt      0x08007378        0x0 C:/ST/STM32CubeIDE_1.17.0/STM32CubeIDE/plugins/com.st.stm32cube.ide.mcu.externaltools.gnu-tools-for-stm32.12.3.rel1.win32_1.1.0.202410251130/tools/bin/../lib/gcc/arm-none-eabi/12.3.1/thumb/v7-m/nofp/crtbegin.o

.data           0x20000000      0x180 load address 0x08007378
                0x20000000                        . = ALIGN (0x4)
                0x20000000                        _sdata = .
 *(.data)
 *(.data*)
 .data.data     0x20000000        0x4 ./Core/Src/main.o
                0x20000000                data
 .data.SystemCoreClock
                0x20000004        0x4 ./Core/Src/system_stm32f1xx.o
                0x20000004                SystemCoreClock
 .data.uwTickPrio
                0x20000008        0x4 ./Drivers/STM32F1xx_HAL_Driver/Src/stm32f1xx_hal.o
                0x20000008                uwTickPrio
 .data.uwTickFreq
                0x2000000c        0x1 ./Drivers/STM32F1xx_HAL_Driver/Src/stm32f1xx_hal.o
                0x2000000c                uwTickFreq
 *fill*         0x2000000d        0x3 
 .data.USBD_CDC_DeviceQualifierDesc
                0x20000010        0xa ./Middlewares/ST/STM32_USB_Device_Library/Class/CDC/Src/usbd_cdc.o
 *fill*         0x2000001a        0x2 
 .data.USBD_CDC
                0x2000001c       0x38 ./Middlewares/ST/STM32_USB_Device_Library/Class/CDC/Src/usbd_cdc.o
                0x2000001c                USBD_CDC
 .data.USBD_CDC_CfgHSDesc
                0x20000054       0x43 ./Middlewares/ST/STM32_USB_Device_Library/Class/CDC/Src/usbd_cdc.o
                0x20000054                USBD_CDC_CfgHSDesc
 *fill*         0x20000097        0x1 
 .data.USBD_CDC_CfgFSDesc
                0x20000098       0x43 ./Middlewares/ST/STM32_USB_Device_Library/Class/CDC/Src/usbd_cdc.o
                0x20000098                USBD_CDC_CfgFSDesc
 *fill*         0x200000db        0x1 
 .data.USBD_CDC_OtherSpeedCfgDesc
                0x200000dc       0x43 ./Middlewares/ST/STM32_USB_Device_Library/Class/CDC/Src/usbd_cdc.o
                0x200000dc                USBD_CDC_OtherSpeedCfgDesc
 *fill*         0x2000011f        0x1 
 .data.USBD_Interface_fops_FS
                0x20000120       0x10 ./USB_DEVICE/App/usbd_cdc_if.o
                0x20000120                USBD_Interface_fops_FS
 .data.FS_Desc  0x20000130       0x1c ./USB_DEVICE/App/usbd_desc.o
                0x20000130                FS_Desc
 .data.USBD_FS_DeviceDesc
                0x2000014c       0x12 ./USB_DEVICE/App/usbd_desc.o
                0x2000014c                USBD_FS_DeviceDesc
 *fill*         0x2000015e        0x2 
 .data.USBD_LangIDDesc
                0x20000160        0x4 ./USB_DEVICE/App/usbd_desc.o
                0x20000160                USBD_LangIDDesc
 .data.USBD_StringSerial
                0x20000164       0x1a ./USB_DEVICE/App/usbd_desc.o
                0x20000164                USBD_StringSerial
 *(.RamFunc)
 *(.RamFunc*)
                0x20000180                        . = ALIGN (0x4)
 *fill*         0x2000017e        0x2 
                0x20000180                        _edata = .

.igot.plt       0x20000180        0x0 load address 0x080074f8
 .igot.plt      0x20000180        0x0 C:/ST/STM32CubeIDE_1.17.0/STM32CubeIDE/plugins/com.st.stm32cube.ide.mcu.externaltools.gnu-tools-for-stm32.12.3.rel1.win32_1.1.0.202410251130/tools/bin/../lib/gcc/arm-none-eabi/12.3.1/thumb/v7-m/nofp/crtbegin.o
                0x20000180                        . = ALIGN (0x4)

.bss            0x20000180     0x11e0 load address 0x080074f8
                0x20000180                        _sbss = .
                0x20000180                        __bss_start__ = _sbss
 *(.bss)
 .bss           0x20000180       0x1c C:/ST/STM32CubeIDE_1.17.0/STM32CubeIDE/plugins/com.st.stm32cube.ide.mcu.externaltools.gnu-tools-for-stm32.12.3.rel1.win32_1.1.0.202410251130/tools/bin/../lib/gcc/arm-none-eabi/12.3.1/thumb/v7-m/nofp/crtbegin.o
 *(.bss*)
 .bss.uwTick    0x2000019c        0x4 ./Drivers/STM32F1xx_HAL_Driver/Src/stm32f1xx_hal.o
                0x2000019c                uwTick
 .bss.cfgidx.0  0x200001a0        0x1 ./Middlewares/ST/STM32_USB_Device_Library/Core/Src/usbd_ctlreq.o
 *fill*         0x200001a1        0x3 
 .bss.hUsbDeviceFS
                0x200001a4      0x2c4 ./USB_DEVICE/App/usb_device.o
                0x200001a4                hUsbDeviceFS
 .bss.UserRxBufferFS
                0x20000468      0x400 ./USB_DEVICE/App/usbd_cdc_if.o
                0x20000468                UserRxBufferFS
 .bss.UserTxBufferFS
                0x20000868      0x400 ./USB_DEVICE/App/usbd_cdc_if.o
                0x20000868                UserTxBufferFS
 .bss.USBD_StrDesc
                0x20000c68      0x200 ./USB_DEVICE/App/usbd_desc.o
                0x20000c68                USBD_StrDesc
 .bss.hpcd_USB_FS
                0x20000e68      0x2d8 ./USB_DEVICE/Target/usbd_conf.o
                0x20000e68                hpcd_USB_FS
 .bss.mem.0     0x20001140      0x220 ./USB_DEVICE/Target/usbd_conf.o
 *(COMMON)
                0x20001360                        . = ALIGN (0x4)
                0x20001360                        _ebss = .
                0x20001360                        __bss_end__ = _ebss

._user_heap_stack
                0x20001360      0x600 load address 0x080074f8
                0x20001360                        . = ALIGN (0x8)
                [!provide]                        PROVIDE (end = .)
                0x20001360                        PROVIDE (_end = .)
                0x20001560                        . = (. + _Min_Heap_Size)
 *fill*         0x20001360      0x200 
                0x20001960                        . = (. + _Min_Stack_Size)
 *fill*         0x20001560      0x400 
                0x20001960                        . = ALIGN (0x8)

/DISCARD/
 libc.a(*)
 libm.a(*)
 libgcc.a(*)

.ARM.attributes
                0x00000000       0x29
 *(.ARM.attributes)
 .ARM.attributes
                0x00000000       0x1d C:/ST/STM32CubeIDE_1.17.0/STM32CubeIDE/plugins/com.st.stm32cube.ide.mcu.externaltools.gnu-tools-for-stm32.12.3.rel1.win32_1.1.0.202410251130/tools/bin/../lib/gcc/arm-none-eabi/12.3.1/thumb/v7-m/nofp/crti.o
 .ARM.attributes
                0x0000001d       0x2d C:/ST/STM32CubeIDE_1.17.0/STM32CubeIDE/plugins/com.st.stm32cube.ide.mcu.externaltools.gnu-tools-for-stm32.12.3.rel1.win32_1.1.0.202410251130/tools/bin/../lib/gcc/arm-none-eabi/12.3.1/thumb/v7-m/nofp/crtbegin.o
 .ARM.attributes
                0x0000004a       0x2d ./Core/Src/main.o
 .ARM.attributes
                0x00000077       0x2d ./Core/Src/stm32f1xx_hal_msp.o
 .ARM.attributes
                0x000000a4       0x2d ./Core/Src/stm32f1xx_it.o
 .ARM.attributes
                0x000000d1       0x2d ./Core/Src/system_stm32f1xx.o
 .ARM.attributes
                0x000000fe       0x21 ./Core/Startup/startup_stm32f103cbtx.o
 .ARM.attributes
                0x0000011f       0x2d ./Drivers/STM32F1xx_HAL_Driver/Src/stm32f1xx_hal.o
 .ARM.attributes
                0x0000014c       0x2d ./Drivers/STM32F1xx_HAL_Driver/Src/stm32f1xx_hal_cortex.o
 .ARM.attributes
                0x00000179       0x2d ./Drivers/STM32F1xx_HAL_Driver/Src/stm32f1xx_hal_pcd.o
 .ARM.attributes
                0x000001a6       0x2d ./Drivers/STM32F1xx_HAL_Driver/Src/stm32f1xx_hal_pcd_ex.o
 .ARM.attributes
                0x000001d3       0x2d ./Drivers/STM32F1xx_HAL_Driver/Src/stm32f1xx_hal_rcc.o
 .ARM.attributes
                0x00000200       0x2d ./Drivers/STM32F1xx_HAL_Driver/Src/stm32f1xx_hal_rcc_ex.o
 .ARM.attributes
                0x0000022d       0x2d ./Drivers/STM32F1xx_HAL_Driver/Src/stm32f1xx_ll_usb.o
 .ARM.attributes
                0x0000025a       0x2d ./Middlewares/ST/STM32_USB_Device_Library/Class/CDC/Src/usbd_cdc.o
 .ARM.attributes
                0x00000287       0x2d ./Middlewares/ST/STM32_USB_Device_Library/Core/Src/usbd_core.o
 .ARM.attributes
                0x000002b4       0x2d ./Middlewares/ST/STM32_USB_Device_Library/Core/Src/usbd_ctlreq.o
 .ARM.attributes
                0x000002e1       0x2d ./Middlewares/ST/STM32_USB_Device_Library/Core/Src/usbd_ioreq.o
 .ARM.attributes
                0x0000030e       0x2d ./USB_DEVICE/App/usb_device.o
 .ARM.attributes
                0x0000033b       0x2d ./USB_DEVICE/App/usbd_cdc_if.o
 .ARM.attributes
                0x00000368       0x2d ./USB_DEVICE/App/usbd_desc.o
 .ARM.attributes
                0x00000395       0x2d ./USB_DEVICE/Target/usbd_conf.o
 .ARM.attributes
                0x000003c2       0x2d C:/ST/STM32CubeIDE_1.17.0/STM32CubeIDE/plugins/com.st.stm32cube.ide.mcu.externaltools.gnu-tools-for-stm32.12.3.rel1.win32_1.1.0.202410251130/tools/bin/../lib/gcc/arm-none-eabi/12.3.1/../../../../arm-none-eabi/lib/thumb/v7-m/nofp\libc_nano.a(libc_a-memset.o)
 .ARM.attributes
                0x000003ef       0x2d C:/ST/STM32CubeIDE_1.17.0/STM32CubeIDE/plugins/com.st.stm32cube.ide.mcu.externaltools.gnu-tools-for-stm32.12.3.rel1.win32_1.1.0.202410251130/tools/bin/../lib/gcc/arm-none-eabi/12.3.1/../../../../arm-none-eabi/lib/thumb/v7-m/nofp\libc_nano.a(libc_a-init.o)
 .ARM.attributes
                0x0000041c       0x17 C:/ST/STM32CubeIDE_1.17.0/STM32CubeIDE/plugins/com.st.stm32cube.ide.mcu.externaltools.gnu-tools-for-stm32.12.3.rel1.win32_1.1.0.202410251130/tools/bin/../lib/gcc/arm-none-eabi/12.3.1/../../../../arm-none-eabi/lib/thumb/v7-m/nofp\libc_nano.a(libc_a-strlen.o)
 .ARM.attributes
                0x00000433       0x1d C:/ST/STM32CubeIDE_1.17.0/STM32CubeIDE/plugins/com.st.stm32cube.ide.mcu.externaltools.gnu-tools-for-stm32.12.3.rel1.win32_1.1.0.202410251130/tools/bin/../lib/gcc/arm-none-eabi/12.3.1/thumb/v7-m/nofp/crtn.o
OUTPUT(CDC_protocol.elf elf32-littlearm)
LOAD linker stubs
LOAD C:/ST/STM32CubeIDE_1.17.0/STM32CubeIDE/plugins/com.st.stm32cube.ide.mcu.externaltools.gnu-tools-for-stm32.12.3.rel1.win32_1.1.0.202410251130/tools/bin/../lib/gcc/arm-none-eabi/12.3.1/../../../../arm-none-eabi/lib/thumb/v7-m/nofp\libc.a
LOAD C:/ST/STM32CubeIDE_1.17.0/STM32CubeIDE/plugins/com.st.stm32cube.ide.mcu.externaltools.gnu-tools-for-stm32.12.3.rel1.win32_1.1.0.202410251130/tools/bin/../lib/gcc/arm-none-eabi/12.3.1/../../../../arm-none-eabi/lib/thumb/v7-m/nofp\libm.a
LOAD C:/ST/STM32CubeIDE_1.17.0/STM32CubeIDE/plugins/com.st.stm32cube.ide.mcu.externaltools.gnu-tools-for-stm32.12.3.rel1.win32_1.1.0.202410251130/tools/bin/../lib/gcc/arm-none-eabi/12.3.1/thumb/v7-m/nofp\libgcc.a

.debug_info     0x00000000     0xb6a3
 .debug_info    0x00000000      0x4c0 ./Core/Src/main.o
 .debug_info    0x000004c0      0x1f1 ./Core/Src/stm32f1xx_hal_msp.o
 .debug_info    0x000006b1      0x60b ./Core/Src/stm32f1xx_it.o
 .debug_info    0x00000cbc      0x222 ./Core/Src/system_stm32f1xx.o
 .debug_info    0x00000ede       0x30 ./Core/Startup/startup_stm32f103cbtx.o
 .debug_info    0x00000f0e      0x704 ./Drivers/STM32F1xx_HAL_Driver/Src/stm32f1xx_hal.o
 .debug_info    0x00001612      0xa87 ./Drivers/STM32F1xx_HAL_Driver/Src/stm32f1xx_hal_cortex.o
 .debug_info    0x00002099     0x16dc ./Drivers/STM32F1xx_HAL_Driver/Src/stm32f1xx_hal_pcd.o
 .debug_info    0x00003775      0x6c3 ./Drivers/STM32F1xx_HAL_Driver/Src/stm32f1xx_hal_pcd_ex.o
 .debug_info    0x00003e38      0x7d5 ./Drivers/STM32F1xx_HAL_Driver/Src/stm32f1xx_hal_rcc.o
 .debug_info    0x0000460d      0x3c0 ./Drivers/STM32F1xx_HAL_Driver/Src/stm32f1xx_hal_rcc_ex.o
 .debug_info    0x000049cd     0x17ae ./Drivers/STM32F1xx_HAL_Driver/Src/stm32f1xx_ll_usb.o
 .debug_info    0x0000617b     0x1043 ./Middlewares/ST/STM32_USB_Device_Library/Class/CDC/Src/usbd_cdc.o
 .debug_info    0x000071be      0xa52 ./Middlewares/ST/STM32_USB_Device_Library/Core/Src/usbd_core.o
 .debug_info    0x00007c10      0x91c ./Middlewares/ST/STM32_USB_Device_Library/Core/Src/usbd_ctlreq.o
 .debug_info    0x0000852c      0x6a0 ./Middlewares/ST/STM32_USB_Device_Library/Core/Src/usbd_ioreq.o
 .debug_info    0x00008bcc      0x63d ./USB_DEVICE/App/usb_device.o
 .debug_info    0x00009209      0x7ec ./USB_DEVICE/App/usbd_cdc_if.o
 .debug_info    0x000099f5      0x44a ./USB_DEVICE/App/usbd_desc.o
 .debug_info    0x00009e3f     0x1864 ./USB_DEVICE/Target/usbd_conf.o

.debug_abbrev   0x00000000     0x278c
 .debug_abbrev  0x00000000      0x232 ./Core/Src/main.o
 .debug_abbrev  0x00000232       0xdb ./Core/Src/stm32f1xx_hal_msp.o
 .debug_abbrev  0x0000030d      0x192 ./Core/Src/stm32f1xx_it.o
 .debug_abbrev  0x0000049f      0x13f ./Core/Src/system_stm32f1xx.o
 .debug_abbrev  0x000005de       0x24 ./Core/Startup/startup_stm32f103cbtx.o
 .debug_abbrev  0x00000602      0x201 ./Drivers/STM32F1xx_HAL_Driver/Src/stm32f1xx_hal.o
 .debug_abbrev  0x00000803      0x2f8 ./Drivers/STM32F1xx_HAL_Driver/Src/stm32f1xx_hal_cortex.o
 .debug_abbrev  0x00000afb      0x2d6 ./Drivers/STM32F1xx_HAL_Driver/Src/stm32f1xx_hal_pcd.o
 .debug_abbrev  0x00000dd1      0x189 ./Drivers/STM32F1xx_HAL_Driver/Src/stm32f1xx_hal_pcd_ex.o
 .debug_abbrev  0x00000f5a      0x2b3 ./Drivers/STM32F1xx_HAL_Driver/Src/stm32f1xx_hal_rcc.o
 .debug_abbrev  0x0000120d      0x188 ./Drivers/STM32F1xx_HAL_Driver/Src/stm32f1xx_hal_rcc_ex.o
 .debug_abbrev  0x00001395      0x1de ./Drivers/STM32F1xx_HAL_Driver/Src/stm32f1xx_ll_usb.o
 .debug_abbrev  0x00001573      0x2d3 ./Middlewares/ST/STM32_USB_Device_Library/Class/CDC/Src/usbd_cdc.o
 .debug_abbrev  0x00001846      0x24a ./Middlewares/ST/STM32_USB_Device_Library/Core/Src/usbd_core.o
 .debug_abbrev  0x00001a90      0x26b ./Middlewares/ST/STM32_USB_Device_Library/Core/Src/usbd_ctlreq.o
 .debug_abbrev  0x00001cfb      0x192 ./Middlewares/ST/STM32_USB_Device_Library/Core/Src/usbd_ioreq.o
 .debug_abbrev  0x00001e8d      0x18d ./USB_DEVICE/App/usb_device.o
 .debug_abbrev  0x0000201a      0x25d ./USB_DEVICE/App/usbd_cdc_if.o
 .debug_abbrev  0x00002277      0x1ff ./USB_DEVICE/App/usbd_desc.o
 .debug_abbrev  0x00002476      0x316 ./USB_DEVICE/Target/usbd_conf.o

.debug_aranges  0x00000000      0xa18
 .debug_aranges
                0x00000000       0x38 ./Core/Src/main.o
 .debug_aranges
                0x00000038       0x20 ./Core/Src/stm32f1xx_hal_msp.o
 .debug_aranges
                0x00000058       0x68 ./Core/Src/stm32f1xx_it.o
 .debug_aranges
                0x000000c0       0x28 ./Core/Src/system_stm32f1xx.o
 .debug_aranges
                0x000000e8       0x28 ./Core/Startup/startup_stm32f103cbtx.o
 .debug_aranges
                0x00000110       0xe0 ./Drivers/STM32F1xx_HAL_Driver/Src/stm32f1xx_hal.o
 .debug_aranges
                0x000001f0      0x100 ./Drivers/STM32F1xx_HAL_Driver/Src/stm32f1xx_hal_cortex.o
 .debug_aranges
                0x000002f0      0x140 ./Drivers/STM32F1xx_HAL_Driver/Src/stm32f1xx_hal_pcd.o
 .debug_aranges
                0x00000430       0x38 ./Drivers/STM32F1xx_HAL_Driver/Src/stm32f1xx_hal_pcd_ex.o
 .debug_aranges
                0x00000468       0x90 ./Drivers/STM32F1xx_HAL_Driver/Src/stm32f1xx_hal_rcc.o
 .debug_aranges
                0x000004f8       0x30 ./Drivers/STM32F1xx_HAL_Driver/Src/stm32f1xx_hal_rcc_ex.o
 .debug_aranges
                0x00000528       0xf8 ./Drivers/STM32F1xx_HAL_Driver/Src/stm32f1xx_ll_usb.o
 .debug_aranges
                0x00000620       0x90 ./Middlewares/ST/STM32_USB_Device_Library/Class/CDC/Src/usbd_cdc.o
 .debug_aranges
                0x000006b0       0xb8 ./Middlewares/ST/STM32_USB_Device_Library/Core/Src/usbd_core.o
 .debug_aranges
                0x00000768       0x88 ./Middlewares/ST/STM32_USB_Device_Library/Core/Src/usbd_ctlreq.o
 .debug_aranges
                0x000007f0       0x50 ./Middlewares/ST/STM32_USB_Device_Library/Core/Src/usbd_ioreq.o
 .debug_aranges
                0x00000840       0x20 ./USB_DEVICE/App/usb_device.o
 .debug_aranges
                0x00000860       0x40 ./USB_DEVICE/App/usbd_cdc_if.o
 .debug_aranges
                0x000008a0       0x60 ./USB_DEVICE/App/usbd_desc.o
 .debug_aranges
                0x00000900      0x118 ./USB_DEVICE/Target/usbd_conf.o

.debug_rnglists
                0x00000000      0x759
 .debug_rnglists
                0x00000000       0x26 ./Core/Src/main.o
 .debug_rnglists
                0x00000026       0x13 ./Core/Src/stm32f1xx_hal_msp.o
 .debug_rnglists
                0x00000039       0x49 ./Core/Src/stm32f1xx_it.o
 .debug_rnglists
                0x00000082       0x1a ./Core/Src/system_stm32f1xx.o
 .debug_rnglists
                0x0000009c       0x19 ./Core/Startup/startup_stm32f103cbtx.o
 .debug_rnglists
                0x000000b5       0xa3 ./Drivers/STM32F1xx_HAL_Driver/Src/stm32f1xx_hal.o
 .debug_rnglists
                0x00000158       0xbb ./Drivers/STM32F1xx_HAL_Driver/Src/stm32f1xx_hal_cortex.o
 .debug_rnglists
                0x00000213       0xf4 ./Drivers/STM32F1xx_HAL_Driver/Src/stm32f1xx_hal_pcd.o
 .debug_rnglists
                0x00000307       0x26 ./Drivers/STM32F1xx_HAL_Driver/Src/stm32f1xx_hal_pcd_ex.o
 .debug_rnglists
                0x0000032d       0x6c ./Drivers/STM32F1xx_HAL_Driver/Src/stm32f1xx_hal_rcc.o
 .debug_rnglists
                0x00000399       0x21 ./Drivers/STM32F1xx_HAL_Driver/Src/stm32f1xx_hal_rcc_ex.o
 .debug_rnglists
                0x000003ba       0xbd ./Drivers/STM32F1xx_HAL_Driver/Src/stm32f1xx_ll_usb.o
 .debug_rnglists
                0x00000477       0x6a ./Middlewares/ST/STM32_USB_Device_Library/Class/CDC/Src/usbd_cdc.o
 .debug_rnglists
                0x000004e1       0x89 ./Middlewares/ST/STM32_USB_Device_Library/Core/Src/usbd_core.o
 .debug_rnglists
                0x0000056a       0x68 ./Middlewares/ST/STM32_USB_Device_Library/Core/Src/usbd_ctlreq.o
 .debug_rnglists
                0x000005d2       0x37 ./Middlewares/ST/STM32_USB_Device_Library/Core/Src/usbd_ioreq.o
 .debug_rnglists
                0x00000609       0x13 ./USB_DEVICE/App/usb_device.o
 .debug_rnglists
                0x0000061c       0x2c ./USB_DEVICE/App/usbd_cdc_if.o
 .debug_rnglists
                0x00000648       0x43 ./USB_DEVICE/App/usbd_desc.o
 .debug_rnglists
                0x0000068b       0xce ./USB_DEVICE/Target/usbd_conf.o

.debug_macro    0x00000000    0x18e79
 .debug_macro   0x00000000      0x360 ./Core/Src/main.o
 .debug_macro   0x00000360      0xaa8 ./Core/Src/main.o
 .debug_macro   0x00000e08      0x215 ./Core/Src/main.o
 .debug_macro   0x0000101d       0x2e ./Core/Src/main.o
 .debug_macro   0x0000104b       0x22 ./Core/Src/main.o
 .debug_macro   0x0000106d       0x22 ./Core/Src/main.o
 .debug_macro   0x0000108f       0x8e ./Core/Src/main.o
 .debug_macro   0x0000111d       0x51 ./Core/Src/main.o
 .debug_macro   0x0000116e      0x103 ./Core/Src/main.o
 .debug_macro   0x00001271       0x6a ./Core/Src/main.o
 .debug_macro   0x000012db      0x1df ./Core/Src/main.o
 .debug_macro   0x000014ba       0x1c ./Core/Src/main.o
 .debug_macro   0x000014d6       0x22 ./Core/Src/main.o
 .debug_macro   0x000014f8       0xbd ./Core/Src/main.o
 .debug_macro   0x000015b5      0xd23 ./Core/Src/main.o
 .debug_macro   0x000022d8     0xe09e ./Core/Src/main.o
 .debug_macro   0x00010376       0x6d ./Core/Src/main.o
 .debug_macro   0x000103e3     0x34a2 ./Core/Src/main.o
 .debug_macro   0x00013885      0x189 ./Core/Src/main.o
 .debug_macro   0x00013a0e       0x5c ./Core/Src/main.o
 .debug_macro   0x00013a6a      0x5bc ./Core/Src/main.o
 .debug_macro   0x00014026      0x289 ./Core/Src/main.o
 .debug_macro   0x000142af      0x1cb ./Core/Src/main.o
 .debug_macro   0x0001447a      0x114 ./Core/Src/main.o
 .debug_macro   0x0001458e      0x1b2 ./Core/Src/main.o
 .debug_macro   0x00014740       0x27 ./Core/Src/main.o
 .debug_macro   0x00014767      0x136 ./Core/Src/main.o
 .debug_macro   0x0001489d      0x1bc ./Core/Src/main.o
 .debug_macro   0x00014a59       0x34 ./Core/Src/main.o
 .debug_macro   0x00014a8d       0x3c ./Core/Src/main.o
 .debug_macro   0x00014ac9       0x57 ./Core/Src/main.o
 .debug_macro   0x00014b20       0x87 ./Core/Src/main.o
 .debug_macro   0x00014ba7      0x240 ./Core/Src/main.o
 .debug_macro   0x00014de7      0x140 ./Core/Src/main.o
 .debug_macro   0x00014f27       0xb7 ./Core/Src/main.o
 .debug_macro   0x00014fde      0x242 ./Core/Src/main.o
 .debug_macro   0x00015220       0x83 ./Core/Src/main.o
 .debug_macro   0x000152a3       0x61 ./Core/Src/main.o
 .debug_macro   0x00015304       0x24 ./Core/Src/main.o
 .debug_macro   0x00015328       0x43 ./Core/Src/main.o
 .debug_macro   0x0001536b       0x34 ./Core/Src/main.o
 .debug_macro   0x0001539f       0x16 ./Core/Src/main.o
 .debug_macro   0x000153b5       0x35 ./Core/Src/main.o
 .debug_macro   0x000153ea      0x369 ./Core/Src/main.o
 .debug_macro   0x00015753       0x10 ./Core/Src/main.o
 .debug_macro   0x00015763       0x16 ./Core/Src/main.o
 .debug_macro   0x00015779       0x43 ./Core/Src/main.o
 .debug_macro   0x000157bc       0x34 ./Core/Src/main.o
 .debug_macro   0x000157f0       0x10 ./Core/Src/main.o
 .debug_macro   0x00015800       0x58 ./Core/Src/main.o
 .debug_macro   0x00015858       0x8e ./Core/Src/main.o
 .debug_macro   0x000158e6       0x1c ./Core/Src/main.o
 .debug_macro   0x00015902      0x177 ./Core/Src/main.o
 .debug_macro   0x00015a79       0x16 ./Core/Src/main.o
 .debug_macro   0x00015a8f       0x16 ./Core/Src/main.o
 .debug_macro   0x00015aa5      0x146 ./Core/Src/main.o
 .debug_macro   0x00015beb       0x16 ./Core/Src/main.o
 .debug_macro   0x00015c01       0x16 ./Core/Src/main.o
 .debug_macro   0x00015c17       0x29 ./Core/Src/main.o
 .debug_macro   0x00015c40       0x16 ./Core/Src/main.o
 .debug_macro   0x00015c56       0x20 ./Core/Src/main.o
 .debug_macro   0x00015c76       0x5f ./Core/Src/main.o
 .debug_macro   0x00015cd5      0x1c8 ./Core/Src/main.o
 .debug_macro   0x00015e9d       0x8f ./Core/Src/main.o
 .debug_macro   0x00015f2c       0x10 ./Core/Src/main.o
 .debug_macro   0x00015f3c      0x1b2 ./Core/Src/stm32f1xx_hal_msp.o
 .debug_macro   0x000160ee      0x1bc ./Core/Src/stm32f1xx_it.o
 .debug_macro   0x000162aa      0x1a8 ./Core/Src/system_stm32f1xx.o
 .debug_macro   0x00016452      0x1cc ./Drivers/STM32F1xx_HAL_Driver/Src/stm32f1xx_hal.o
 .debug_macro   0x0001661e      0x1a8 ./Drivers/STM32F1xx_HAL_Driver/Src/stm32f1xx_hal_cortex.o
 .debug_macro   0x000167c6      0x1b4 ./Drivers/STM32F1xx_HAL_Driver/Src/stm32f1xx_hal_pcd.o
 .debug_macro   0x0001697a      0x1a8 ./Drivers/STM32F1xx_HAL_Driver/Src/stm32f1xx_hal_pcd_ex.o
 .debug_macro   0x00016b22      0x1ba ./Drivers/STM32F1xx_HAL_Driver/Src/stm32f1xx_hal_rcc.o
 .debug_macro   0x00016cdc      0x1a8 ./Drivers/STM32F1xx_HAL_Driver/Src/stm32f1xx_hal_rcc_ex.o
 .debug_macro   0x00016e84      0x1a8 ./Drivers/STM32F1xx_HAL_Driver/Src/stm32f1xx_ll_usb.o
 .debug_macro   0x0001702c      0x341 ./Middlewares/ST/STM32_USB_Device_Library/Class/CDC/Src/usbd_cdc.o
 .debug_macro   0x0001736d       0x9e ./Middlewares/ST/STM32_USB_Device_Library/Class/CDC/Src/usbd_cdc.o
 .debug_macro   0x0001740b      0x10b ./Middlewares/ST/STM32_USB_Device_Library/Class/CDC/Src/usbd_cdc.o
 .debug_macro   0x00017516       0x56 ./Middlewares/ST/STM32_USB_Device_Library/Class/CDC/Src/usbd_cdc.o
 .debug_macro   0x0001756c      0x328 ./Middlewares/ST/STM32_USB_Device_Library/Core/Src/usbd_core.o
 .debug_macro   0x00017894      0x1ce ./Middlewares/ST/STM32_USB_Device_Library/Core/Src/usbd_core.o
 .debug_macro   0x00017a62      0x332 ./Middlewares/ST/STM32_USB_Device_Library/Core/Src/usbd_ctlreq.o
 .debug_macro   0x00017d94      0x32e ./Middlewares/ST/STM32_USB_Device_Library/Core/Src/usbd_ioreq.o
 .debug_macro   0x000180c2      0x367 ./USB_DEVICE/App/usb_device.o
 .debug_macro   0x00018429       0x22 ./USB_DEVICE/App/usb_device.o
 .debug_macro   0x0001844b       0x16 ./USB_DEVICE/App/usb_device.o
 .debug_macro   0x00018461      0x34c ./USB_DEVICE/App/usbd_cdc_if.o
 .debug_macro   0x000187ad      0x365 ./USB_DEVICE/App/usbd_desc.o
 .debug_macro   0x00018b12       0x1c ./USB_DEVICE/App/usbd_desc.o
 .debug_macro   0x00018b2e      0x34b ./USB_DEVICE/Target/usbd_conf.o

.debug_line     0x00000000     0xd956
 .debug_line    0x00000000      0xa6a ./Core/Src/main.o
 .debug_line    0x00000a6a      0x6fb ./Core/Src/stm32f1xx_hal_msp.o
 .debug_line    0x00001165      0x7d8 ./Core/Src/stm32f1xx_it.o
 .debug_line    0x0000193d      0x779 ./Core/Src/system_stm32f1xx.o
 .debug_line    0x000020b6       0x78 ./Core/Startup/startup_stm32f103cbtx.o
 .debug_line    0x0000212e      0x9a6 ./Drivers/STM32F1xx_HAL_Driver/Src/stm32f1xx_hal.o
 .debug_line    0x00002ad4      0xb92 ./Drivers/STM32F1xx_HAL_Driver/Src/stm32f1xx_hal_cortex.o
 .debug_line    0x00003666     0x13fb ./Drivers/STM32F1xx_HAL_Driver/Src/stm32f1xx_hal_pcd.o
 .debug_line    0x00004a61      0x774 ./Drivers/STM32F1xx_HAL_Driver/Src/stm32f1xx_hal_pcd_ex.o
 .debug_line    0x000051d5      0xdaf ./Drivers/STM32F1xx_HAL_Driver/Src/stm32f1xx_hal_rcc.o
 .debug_line    0x00005f84      0x8f0 ./Drivers/STM32F1xx_HAL_Driver/Src/stm32f1xx_hal_rcc_ex.o
 .debug_line    0x00006874     0x1077 ./Drivers/STM32F1xx_HAL_Driver/Src/stm32f1xx_ll_usb.o
 .debug_line    0x000078eb      0xcfc ./Middlewares/ST/STM32_USB_Device_Library/Class/CDC/Src/usbd_cdc.o
 .debug_line    0x000085e7      0xd78 ./Middlewares/ST/STM32_USB_Device_Library/Core/Src/usbd_core.o
 .debug_line    0x0000935f      0xfb8 ./Middlewares/ST/STM32_USB_Device_Library/Core/Src/usbd_ctlreq.o
 .debug_line    0x0000a317      0xa0e ./Middlewares/ST/STM32_USB_Device_Library/Core/Src/usbd_ioreq.o
 .debug_line    0x0000ad25      0x9ce ./USB_DEVICE/App/usb_device.o
 .debug_line    0x0000b6f3      0xa16 ./USB_DEVICE/App/usbd_cdc_if.o
 .debug_line    0x0000c109      0xa97 ./USB_DEVICE/App/usbd_desc.o
 .debug_line    0x0000cba0      0xdb6 ./USB_DEVICE/Target/usbd_conf.o

.debug_str      0x00000000    0x842c1
 .debug_str     0x00000000    0x81b4a ./Core/Src/main.o
                              0x81ef8 (size before relaxing)
 .debug_str     0x00081b4a       0x5a ./Core/Src/stm32f1xx_hal_msp.o
                              0x7d73d (size before relaxing)
 .debug_str     0x00081ba4      0x42a ./Core/Src/stm32f1xx_it.o
                              0x7db33 (size before relaxing)
 .debug_str     0x00081fce       0x7e ./Core/Src/system_stm32f1xx.o
                              0x7d768 (size before relaxing)
 .debug_str     0x0008204c       0x44 ./Core/Startup/startup_stm32f103cbtx.o
                                 0x7a (size before relaxing)
 .debug_str     0x00082090      0x607 ./Drivers/STM32F1xx_HAL_Driver/Src/stm32f1xx_hal.o
                              0x7de9b (size before relaxing)
 .debug_str     0x00082697      0x293 ./Drivers/STM32F1xx_HAL_Driver/Src/stm32f1xx_hal_cortex.o
                              0x7dde7 (size before relaxing)
 .debug_str     0x0008292a      0x5da ./Drivers/STM32F1xx_HAL_Driver/Src/stm32f1xx_hal_pcd.o
                              0x7e085 (size before relaxing)
 .debug_str     0x00082f04      0x170 ./Drivers/STM32F1xx_HAL_Driver/Src/stm32f1xx_hal_pcd_ex.o
                              0x7dbe7 (size before relaxing)
 .debug_str     0x00083074      0x23b ./Drivers/STM32F1xx_HAL_Driver/Src/stm32f1xx_hal_rcc.o
                              0x7db97 (size before relaxing)
 .debug_str     0x000832af       0x9f ./Drivers/STM32F1xx_HAL_Driver/Src/stm32f1xx_hal_rcc_ex.o
                              0x7d8e7 (size before relaxing)
 .debug_str     0x0008334e      0x129 ./Drivers/STM32F1xx_HAL_Driver/Src/stm32f1xx_ll_usb.o
                              0x7dc39 (size before relaxing)
 .debug_str     0x00083477      0x645 ./Middlewares/ST/STM32_USB_Device_Library/Class/CDC/Src/usbd_cdc.o
                              0x82631 (size before relaxing)
 .debug_str     0x00083abc      0x281 ./Middlewares/ST/STM32_USB_Device_Library/Core/Src/usbd_core.o
                              0x81f61 (size before relaxing)
 .debug_str     0x00083d3d      0x120 ./Middlewares/ST/STM32_USB_Device_Library/Core/Src/usbd_ctlreq.o
                              0x81e7b (size before relaxing)
 .debug_str     0x00083e5d       0x51 ./Middlewares/ST/STM32_USB_Device_Library/Core/Src/usbd_ioreq.o
                              0x81da8 (size before relaxing)
 .debug_str     0x00083eae       0xc6 ./USB_DEVICE/App/usb_device.o
                              0x82133 (size before relaxing)
 .debug_str     0x00083f74       0x7d ./USB_DEVICE/App/usbd_cdc_if.o
                              0x82159 (size before relaxing)
 .debug_str     0x00083ff1      0x258 ./USB_DEVICE/App/usbd_desc.o
                              0x81ce4 (size before relaxing)
 .debug_str     0x00084249       0x78 ./USB_DEVICE/Target/usbd_conf.o
                              0x82bbe (size before relaxing)

.comment        0x00000000       0x43
 .comment       0x00000000       0x43 ./Core/Src/main.o
                                 0x44 (size before relaxing)
 .comment       0x00000043       0x44 ./Core/Src/stm32f1xx_hal_msp.o
 .comment       0x00000043       0x44 ./Core/Src/stm32f1xx_it.o
 .comment       0x00000043       0x44 ./Core/Src/system_stm32f1xx.o
 .comment       0x00000043       0x44 ./Drivers/STM32F1xx_HAL_Driver/Src/stm32f1xx_hal.o
 .comment       0x00000043       0x44 ./Drivers/STM32F1xx_HAL_Driver/Src/stm32f1xx_hal_cortex.o
 .comment       0x00000043       0x44 ./Drivers/STM32F1xx_HAL_Driver/Src/stm32f1xx_hal_pcd.o
 .comment       0x00000043       0x44 ./Drivers/STM32F1xx_HAL_Driver/Src/stm32f1xx_hal_pcd_ex.o
 .comment       0x00000043       0x44 ./Drivers/STM32F1xx_HAL_Driver/Src/stm32f1xx_hal_rcc.o
 .comment       0x00000043       0x44 ./Drivers/STM32F1xx_HAL_Driver/Src/stm32f1xx_hal_rcc_ex.o
 .comment       0x00000043       0x44 ./Drivers/STM32F1xx_HAL_Driver/Src/stm32f1xx_ll_usb.o
 .comment       0x00000043       0x44 ./Middlewares/ST/STM32_USB_Device_Library/Class/CDC/Src/usbd_cdc.o
 .comment       0x00000043       0x44 ./Middlewares/ST/STM32_USB_Device_Library/Core/Src/usbd_core.o
 .comment       0x00000043       0x44 ./Middlewares/ST/STM32_USB_Device_Library/Core/Src/usbd_ctlreq.o
 .comment       0x00000043       0x44 ./Middlewares/ST/STM32_USB_Device_Library/Core/Src/usbd_ioreq.o
 .comment       0x00000043       0x44 ./USB_DEVICE/App/usb_device.o
 .comment       0x00000043       0x44 ./USB_DEVICE/App/usbd_cdc_if.o
 .comment       0x00000043       0x44 ./USB_DEVICE/App/usbd_desc.o
 .comment       0x00000043       0x44 ./USB_DEVICE/Target/usbd_conf.o

.debug_frame    0x00000000     0x2694
 .debug_frame   0x00000000       0x94 ./Core/Src/main.o
 .debug_frame   0x00000094       0x38 ./Core/Src/stm32f1xx_hal_msp.o
 .debug_frame   0x000000cc      0x124 ./Core/Src/stm32f1xx_it.o
 .debug_frame   0x000001f0       0x58 ./Core/Src/system_stm32f1xx.o
 .debug_frame   0x00000248      0x334 ./Drivers/STM32F1xx_HAL_Driver/Src/stm32f1xx_hal.o
 .debug_frame   0x0000057c      0x428 ./Drivers/STM32F1xx_HAL_Driver/Src/stm32f1xx_hal_cortex.o
 .debug_frame   0x000009a4      0x594 ./Drivers/STM32F1xx_HAL_Driver/Src/stm32f1xx_hal_pcd.o
 .debug_frame   0x00000f38       0xb0 ./Drivers/STM32F1xx_HAL_Driver/Src/stm32f1xx_hal_pcd_ex.o
 .debug_frame   0x00000fe8      0x218 ./Drivers/STM32F1xx_HAL_Driver/Src/stm32f1xx_hal_rcc.o
 .debug_frame   0x00001200       0x80 ./Drivers/STM32F1xx_HAL_Driver/Src/stm32f1xx_hal_rcc_ex.o
 .debug_frame   0x00001280      0x470 ./Drivers/STM32F1xx_HAL_Driver/Src/stm32f1xx_ll_usb.o
 .debug_frame   0x000016f0      0x248 ./Middlewares/ST/STM32_USB_Device_Library/Class/CDC/Src/usbd_cdc.o
 .debug_frame   0x00001938      0x300 ./Middlewares/ST/STM32_USB_Device_Library/Core/Src/usbd_core.o
 .debug_frame   0x00001c38      0x218 ./Middlewares/ST/STM32_USB_Device_Library/Core/Src/usbd_ctlreq.o
 .debug_frame   0x00001e50      0x10c ./Middlewares/ST/STM32_USB_Device_Library/Core/Src/usbd_ioreq.o
 .debug_frame   0x00001f5c       0x2c ./USB_DEVICE/App/usb_device.o
 .debug_frame   0x00001f88       0xbc ./USB_DEVICE/App/usbd_cdc_if.o
 .debug_frame   0x00002044      0x160 ./USB_DEVICE/App/usbd_desc.o
 .debug_frame   0x000021a4      0x4a4 ./USB_DEVICE/Target/usbd_conf.o
 .debug_frame   0x00002648       0x20 C:/ST/STM32CubeIDE_1.17.0/STM32CubeIDE/plugins/com.st.stm32cube.ide.mcu.externaltools.gnu-tools-for-stm32.12.3.rel1.win32_1.1.0.202410251130/tools/bin/../lib/gcc/arm-none-eabi/12.3.1/../../../../arm-none-eabi/lib/thumb/v7-m/nofp\libc_nano.a(libc_a-memset.o)
 .debug_frame   0x00002668       0x2c C:/ST/STM32CubeIDE_1.17.0/STM32CubeIDE/plugins/com.st.stm32cube.ide.mcu.externaltools.gnu-tools-for-stm32.12.3.rel1.win32_1.1.0.202410251130/tools/bin/../lib/gcc/arm-none-eabi/12.3.1/../../../../arm-none-eabi/lib/thumb/v7-m/nofp\libc_nano.a(libc_a-init.o)

.debug_line_str
                0x00000000       0x5e
 .debug_line_str
                0x00000000       0x5e ./Core/Startup/startup_stm32f103cbtx.o
