../Core/Src/main.c:36:6:PCA9685_SetBit	40	static
../Core/Src/main.c:50:6:PCA9685_SetPWMFrequency	40	static
../Core/Src/main.c:65:6:PCA9685_Init	16	static
../Core/Src/main.c:71:6:PCA9685_SetPWM	40	static
../Core/Src/main.c:85:6:PCA9685_SetServoAngle	24	static
../Core/Src/main.c:96:5:main	8	static
../Core/Src/main.c:130:6:SystemClock_Config	88	static
../Core/Src/main.c:165:13:MX_I2C1_Init	8	static
../Core/Src/main.c:183:13:MX_TIM1_Init	8	static
../Core/Src/main.c:197:13:MX_GPIO_Init	24	static
../Core/Src/main.c:208:6:Error_Handler	4	static
